../Core/Src/main.c:93:5:main	8	static
../Core/Src/main.c:178:6:SystemClock_Config	88	static
../Core/Src/main.c:224:13:MX_ETH_Init	8	static
../Core/Src/main.c:273:13:MX_TIM3_Init	32	static
../Core/Src/main.c:318:13:MX_USART2_UART_Init	8	static
../Core/Src/main.c:351:13:MX_USART3_UART_Init	8	static
../Core/Src/main.c:384:13:MX_USB_OTG_FS_PCD_Init	8	static
../Core/Src/main.c:419:13:MX_GPIO_Init	56	static
../Core/Src/main.c:484:6:StartDefaultTask	16	static
../Core/Src/main.c:499:6:Error_Handler	4	static,ignoring_inline_asm
