Archive member included to satisfy reference by file (symbol)

C:/ST/STM32CubeIDE_1.15.0/STM32CubeIDE/plugins/com.st.stm32cube.ide.mcu.externaltools.gnu-tools-for-stm32.12.3.rel1.win32_1.0.100.202403111256/tools/bin/../lib/gcc/arm-none-eabi/12.3.1/../../../../arm-none-eabi/lib/thumb/v7e-m+fp/hard\libc_nano.a(libc_a-exit.o)
                              C:/ST/STM32CubeIDE_1.15.0/STM32CubeIDE/plugins/com.st.stm32cube.ide.mcu.externaltools.gnu-tools-for-stm32.12.3.rel1.win32_1.0.100.202403111256/tools/bin/../lib/gcc/arm-none-eabi/12.3.1/../../../../arm-none-eabi/lib/thumb/v7e-m+fp/hard/crt0.o (exit)
C:/ST/STM32CubeIDE_1.15.0/STM32CubeIDE/plugins/com.st.stm32cube.ide.mcu.externaltools.gnu-tools-for-stm32.12.3.rel1.win32_1.0.100.202403111256/tools/bin/../lib/gcc/arm-none-eabi/12.3.1/../../../../arm-none-eabi/lib/thumb/v7e-m+fp/hard\libc_nano.a(libc_a-strtol.o)
                              ./Core/Src/cli.o (strtol)
C:/ST/STM32CubeIDE_1.15.0/STM32CubeIDE/plugins/com.st.stm32cube.ide.mcu.externaltools.gnu-tools-for-stm32.12.3.rel1.win32_1.0.100.202403111256/tools/bin/../lib/gcc/arm-none-eabi/12.3.1/../../../../arm-none-eabi/lib/thumb/v7e-m+fp/hard\libc_nano.a(libc_a-ctype_.o)
                              ./Core/Src/cli.o (_ctype_)
C:/ST/STM32CubeIDE_1.15.0/STM32CubeIDE/plugins/com.st.stm32cube.ide.mcu.externaltools.gnu-tools-for-stm32.12.3.rel1.win32_1.0.100.202403111256/tools/bin/../lib/gcc/arm-none-eabi/12.3.1/../../../../arm-none-eabi/lib/thumb/v7e-m+fp/hard\libc_nano.a(libc_a-findfp.o)
                              ./Middlewares/Third_Party/FreeRTOS/Source/tasks.o (__sf)
C:/ST/STM32CubeIDE_1.15.0/STM32CubeIDE/plugins/com.st.stm32cube.ide.mcu.externaltools.gnu-tools-for-stm32.12.3.rel1.win32_1.0.100.202403111256/tools/bin/../lib/gcc/arm-none-eabi/12.3.1/../../../../arm-none-eabi/lib/thumb/v7e-m+fp/hard\libc_nano.a(libc_a-fwalk.o)
                              C:/ST/STM32CubeIDE_1.15.0/STM32CubeIDE/plugins/com.st.stm32cube.ide.mcu.externaltools.gnu-tools-for-stm32.12.3.rel1.win32_1.0.100.202403111256/tools/bin/../lib/gcc/arm-none-eabi/12.3.1/../../../../arm-none-eabi/lib/thumb/v7e-m+fp/hard\libc_nano.a(libc_a-findfp.o) (_fwalk_sglue)
C:/ST/STM32CubeIDE_1.15.0/STM32CubeIDE/plugins/com.st.stm32cube.ide.mcu.externaltools.gnu-tools-for-stm32.12.3.rel1.win32_1.0.100.202403111256/tools/bin/../lib/gcc/arm-none-eabi/12.3.1/../../../../arm-none-eabi/lib/thumb/v7e-m+fp/hard\libc_nano.a(libc_a-printf.o)
                              ./Core/Src/button.o (printf)
C:/ST/STM32CubeIDE_1.15.0/STM32CubeIDE/plugins/com.st.stm32cube.ide.mcu.externaltools.gnu-tools-for-stm32.12.3.rel1.win32_1.0.100.202403111256/tools/bin/../lib/gcc/arm-none-eabi/12.3.1/../../../../arm-none-eabi/lib/thumb/v7e-m+fp/hard\libc_nano.a(libc_a-putchar.o)
                              ./Core/Src/cli.o (putchar)
C:/ST/STM32CubeIDE_1.15.0/STM32CubeIDE/plugins/com.st.stm32cube.ide.mcu.externaltools.gnu-tools-for-stm32.12.3.rel1.win32_1.0.100.202403111256/tools/bin/../lib/gcc/arm-none-eabi/12.3.1/../../../../arm-none-eabi/lib/thumb/v7e-m+fp/hard\libc_nano.a(libc_a-puts.o)
                              ./Core/Src/adc.o (puts)
C:/ST/STM32CubeIDE_1.15.0/STM32CubeIDE/plugins/com.st.stm32cube.ide.mcu.externaltools.gnu-tools-for-stm32.12.3.rel1.win32_1.0.100.202403111256/tools/bin/../lib/gcc/arm-none-eabi/12.3.1/../../../../arm-none-eabi/lib/thumb/v7e-m+fp/hard\libc_nano.a(libc_a-stdio.o)
                              C:/ST/STM32CubeIDE_1.15.0/STM32CubeIDE/plugins/com.st.stm32cube.ide.mcu.externaltools.gnu-tools-for-stm32.12.3.rel1.win32_1.0.100.202403111256/tools/bin/../lib/gcc/arm-none-eabi/12.3.1/../../../../arm-none-eabi/lib/thumb/v7e-m+fp/hard\libc_nano.a(libc_a-findfp.o) (__sread)
C:/ST/STM32CubeIDE_1.15.0/STM32CubeIDE/plugins/com.st.stm32cube.ide.mcu.externaltools.gnu-tools-for-stm32.12.3.rel1.win32_1.0.100.202403111256/tools/bin/../lib/gcc/arm-none-eabi/12.3.1/../../../../arm-none-eabi/lib/thumb/v7e-m+fp/hard\libc_nano.a(libc_a-wbuf.o)
                              C:/ST/STM32CubeIDE_1.15.0/STM32CubeIDE/plugins/com.st.stm32cube.ide.mcu.externaltools.gnu-tools-for-stm32.12.3.rel1.win32_1.0.100.202403111256/tools/bin/../lib/gcc/arm-none-eabi/12.3.1/../../../../arm-none-eabi/lib/thumb/v7e-m+fp/hard\libc_nano.a(libc_a-puts.o) (__swbuf_r)
C:/ST/STM32CubeIDE_1.15.0/STM32CubeIDE/plugins/com.st.stm32cube.ide.mcu.externaltools.gnu-tools-for-stm32.12.3.rel1.win32_1.0.100.202403111256/tools/bin/../lib/gcc/arm-none-eabi/12.3.1/../../../../arm-none-eabi/lib/thumb/v7e-m+fp/hard\libc_nano.a(libc_a-wsetup.o)
                              C:/ST/STM32CubeIDE_1.15.0/STM32CubeIDE/plugins/com.st.stm32cube.ide.mcu.externaltools.gnu-tools-for-stm32.12.3.rel1.win32_1.0.100.202403111256/tools/bin/../lib/gcc/arm-none-eabi/12.3.1/../../../../arm-none-eabi/lib/thumb/v7e-m+fp/hard\libc_nano.a(libc_a-puts.o) (__swsetup_r)
[...]
Memory Configuration

Name             Origin             Length             Attributes
CCMRAM           0x10000000         0x00010000         xrw
RAM              0x20000000         0x00030000         xrw
FLASH            0x08000000         0x00200000         xr
*default*        0x00000000         0xffffffff

Linker script and memory map

LOAD C:/ST/STM32CubeIDE_1.15.0/STM32CubeIDE/plugins/com.st.stm32cube.ide.mcu.externaltools.gnu-tools-for-stm32.12.3.rel1.win32_1.0.100.202403111256/tools/bin/../lib/gcc/arm-none-eabi/12.3.1/thumb/v7e-m+fp/hard/crti.o
LOAD C:/ST/STM32CubeIDE_1.15.0/STM32CubeIDE/plugins/com.st.stm32cube.ide.mcu.externaltools.gnu-tools-for-stm32.12.3.rel1.win32_1.0.100.202403111256/tools/bin/../lib/gcc/arm-none-eabi/12.3.1/thumb/v7e-m+fp/hard/crtbegin.o
LOAD C:/ST/STM32CubeIDE_1.15.0/STM32CubeIDE/plugins/com.st.stm32cube.ide.mcu.externaltools.gnu-tools-for-stm32.12.3.rel1.win32_1.0.100.202403111256/tools/bin/../lib/gcc/arm-none-eabi/12.3.1/../../../../arm-none-eabi/lib/thumb/v7e-m+fp/hard/crt0.o
LOAD ./Core/Src/adc.o
LOAD ./Core/Src/app.o
LOAD ./Core/Src/button.o
LOAD ./Core/Src/cli.o
LOAD ./Core/Src/freertos.o
LOAD ./Core/Src/gpio.o
LOAD ./Core/Src/io.o
LOAD ./Core/Src/led.o
LOAD ./Core/Src/main.o
LOAD ./Core/Src/polling.o
LOAD ./Core/Src/stm32f4xx_hal_msp.o
LOAD ./Core/Src/stm32f4xx_it.o
LOAD ./Core/Src/syscalls.o
LOAD ./Core/Src/sysmem.o
LOAD ./Core/Src/system_stm32f4xx.o
LOAD ./Core/Src/tim.o
LOAD ./Core/Src/uart.o
LOAD ./Core/Startup/startup_stm32f429zitx.o
LOAD ./Drivers/STM32F4xx_HAL_Driver/Src/stm32f4xx_hal.o
LOAD ./Drivers/STM32F4xx_HAL_Driver/Src/stm32f4xx_hal_cortex.o
LOAD ./Drivers/STM32F4xx_HAL_Driver/Src/stm32f4xx_hal_dma.o
LOAD ./Drivers/STM32F4xx_HAL_Driver/Src/stm32f4xx_hal_dma_ex.o
LOAD ./Drivers/STM32F4xx_HAL_Driver/Src/stm32f4xx_hal_eth.o
LOAD ./Drivers/STM32F4xx_HAL_Driver/Src/stm32f4xx_hal_exti.o
LOAD ./Drivers/STM32F4xx_HAL_Driver/Src/stm32f4xx_hal_flash.o
LOAD ./Drivers/STM32F4xx_HAL_Driver/Src/stm32f4xx_hal_flash_ex.o
LOAD ./Drivers/STM32F4xx_HAL_Driver/Src/stm32f4xx_hal_flash_ramfunc.o
LOAD ./Drivers/STM32F4xx_HAL_Driver/Src/stm32f4xx_hal_gpio.o
LOAD ./Drivers/STM32F4xx_HAL_Driver/Src/stm32f4xx_hal_pcd.o
LOAD ./Drivers/STM32F4xx_HAL_Driver/Src/stm32f4xx_hal_pcd_ex.o
LOAD ./Drivers/STM32F4xx_HAL_Driver/Src/stm32f4xx_hal_pwr.o
LOAD ./Drivers/STM32F4xx_HAL_Driver/Src/stm32f4xx_hal_pwr_ex.o
LOAD ./Drivers/STM32F4xx_HAL_Driver/Src/stm32f4xx_hal_rcc.o
LOAD ./Drivers/STM32F4xx_HAL_Driver/Src/stm32f4xx_hal_rcc_ex.o
LOAD ./Drivers/STM32F4xx_HAL_Driver/Src/stm32f4xx_hal_tim.o
LOAD ./Drivers/STM32F4xx_HAL_Driver/Src/stm32f4xx_hal_tim_ex.o
LOAD ./Drivers/STM32F4xx_HAL_Driver/Src/stm32f4xx_hal_uart.o
LOAD ./Drivers/STM32F4xx_HAL_Driver/Src/stm32f4xx_hal_usart.o
LOAD ./Drivers/STM32F4xx_HAL_Driver/Src/stm32f4xx_ll_usb.o
LOAD ./Middlewares/Third_Party/FreeRTOS/Source/CMSIS_RTOS_V2/cmsis_os2.o
LOAD ./Middlewares/Third_Party/FreeRTOS/Source/croutine.o
LOAD ./Middlewares/Third_Party/FreeRTOS/Source/event_groups.o
LOAD ./Middlewares/Third_Party/FreeRTOS/Source/list.o
LOAD ./Middlewares/Third_Party/FreeRTOS/Source/queue.o
LOAD ./Middlewares/Third_Party/FreeRTOS/Source/stream_buffer.o
LOAD ./Middlewares/Third_Party/FreeRTOS/Source/tasks.o
LOAD ./Middlewares/Third_Party/FreeRTOS/Source/timers.o
LOAD ./Middlewares/Third_Party/FreeRTOS/Source/portable/GCC/ARM_CM4F/port.o
LOAD ./Middlewares/Third_Party/FreeRTOS/Source/portable/MemMang/heap_4.o
START GROUP
LOAD C:/ST/STM32CubeIDE_1.15.0/STM32CubeIDE/plugins/com.st.stm32cube.ide.mcu.externaltools.gnu-tools-for-stm32.12.3.rel1.win32_1.0.100.202403111256/tools/bin/../lib/gcc/arm-none-eabi/12.3.1/../../../../arm-none-eabi/lib/thumb/v7e-m+fp/hard\libc_nano.a
LOAD C:/ST/STM32CubeIDE_1.15.0/STM32CubeIDE/plugins/com.st.stm32cube.ide.mcu.externaltools.gnu-tools-for-stm32.12.3.rel1.win32_1.0.100.202403111256/tools/bin/../lib/gcc/arm-none-eabi/12.3.1/../../../../arm-none-eabi/lib/thumb/v7e-m+fp/hard\libm.a
END GROUP
START GROUP
LOAD C:/ST/STM32CubeIDE_1.15.0/STM32CubeIDE/plugins/com.st.stm32cube.ide.mcu.externaltools.gnu-tools-for-stm32.12.3.rel1.win32_1.0.100.202403111256/tools/bin/../lib/gcc/arm-none-eabi/12.3.1/thumb/v7e-m+fp/hard\libgcc.a
LOAD C:/ST/STM32CubeIDE_1.15.0/STM32CubeIDE/plugins/com.st.stm32cube.ide.mcu.externaltools.gnu-tools-for-stm32.12.3.rel1.win32_1.0.100.202403111256/tools/bin/../lib/gcc/arm-none-eabi/12.3.1/../../../../arm-none-eabi/lib/thumb/v7e-m+fp/hard\libc_nano.a
END GROUP
START GROUP
LOAD C:/ST/STM32CubeIDE_1.15.0/STM32CubeIDE/plugins/com.st.stm32cube.ide.mcu.externaltools.gnu-tools-for-stm32.12.3.rel1.win32_1.0.100.202403111256/tools/bin/../lib/gcc/arm-none-eabi/12.3.1/thumb/v7e-m+fp/hard\libgcc.a
LOAD C:/ST/STM32CubeIDE_1.15.0/STM32CubeIDE/plugins/com.st.stm32cube.ide.mcu.externaltools.gnu-tools-for-stm32.12.3.rel1.win32_1.0.100.202403111256/tools/bin/../lib/gcc/arm-none-eabi/12.3.1/../../../../arm-none-eabi/lib/thumb/v7e-m+fp/hard\libc_nano.a
LOAD C:/ST/STM32CubeIDE_1.15.0/STM32CubeIDE/plugins/com.st.stm32cube.ide.mcu.externaltools.gnu-tools-for-stm32.12.3.rel1.win32_1.0.100.202403111256/tools/bin/../lib/gcc/arm-none-eabi/12.3.1/../../../../arm-none-eabi/lib/thumb/v7e-m+fp/hard\libnosys.a
END GROUP
START GROUP
LOAD C:/ST/STM32CubeIDE_1.15.0/STM32CubeIDE/plugins/com.st.stm32cube.ide.mcu.externaltools.gnu-tools-for-stm32.12.3.rel1.win32_1.0.100.202403111256/tools/bin/../lib/gcc/arm-none-eabi/12.3.1/thumb/v7e-m+fp/hard\libgcc.a
LOAD C:/ST/STM32CubeIDE_1.15.0/STM32CubeIDE/plugins/com.st.stm32cube.ide.mcu.externaltools.gnu-tools-for-stm32.12.3.rel1.win32_1.0.100.202403111256/tools/bin/../lib/gcc/arm-none-eabi/12.3.1/../../../../arm-none-eabi/lib/thumb/v7e-m+fp/hard\libc_nano.a
LOAD C:/ST/STM32CubeIDE_1.15.0/STM32CubeIDE/plugins/com.st.stm32cube.ide.mcu.externaltools.gnu-tools-for-stm32.12.3.rel1.win32_1.0.100.202403111256/tools/bin/../lib/gcc/arm-none-eabi/12.3.1/../../../../arm-none-eabi/lib/thumb/v7e-m+fp/hard\libnosys.a
END GROUP
LOAD C:/ST/STM32CubeIDE_1.15.0/STM32CubeIDE/plugins/com.st.stm32cube.ide.mcu.externaltools.gnu-tools-for-stm32.12.3.rel1.win32_1.0.100.202403111256/tools/bin/../lib/gcc/arm-none-eabi/12.3.1/thumb/v7e-m+fp/hard/crtend.o
LOAD C:/ST/STM32CubeIDE_1.15.0/STM32CubeIDE/plugins/com.st.stm32cube.ide.mcu.externaltools.gnu-tools-for-stm32.12.3.rel1.win32_1.0.100.202403111256/tools/bin/../lib/gcc/arm-none-eabi/12.3.1/thumb/v7e-m+fp/hard/crtn.o
                0x20030000                        _estack = (ORIGIN (RAM) + LENGTH (RAM))
                0x00000200                        _Min_Heap_Size = 0x200
                0x00000400                        _Min_Stack_Size = 0x400

.isr_vector     0x08000000      0x1ac
                0x08000000                        . = ALIGN (0x4)
 *(.isr_vector)
 .isr_vector    0x08000000      0x1ac ./Core/Startup/startup_stm32f429zitx.o
                0x08000000                g_pfnVectors
                0x080001ac                        . = ALIGN (0x4)

.text           0x080001b0     0x96f8
                0x080001b0                        . = ALIGN (0x4)
 *(.text)
 .text          0x080001b0       0x40 C:/ST/STM32CubeIDE_1.15.0/STM32CubeIDE/plugins/com.st.stm32cube.ide.mcu.externaltools.gnu-tools-for-stm32.12.3.rel1.win32_1.0.100.202403111256/tools/bin/../lib/gcc/arm-none-eabi/12.3.1/thumb/v7e-m+fp/hard/crtbegin.o
 .text          0x080001f0       0x14 C:/ST/STM32CubeIDE_1.15.0/STM32CubeIDE/plugins/com.st.stm32cube.ide.mcu.externaltools.gnu-tools-for-stm32.12.3.rel1.win32_1.0.100.202403111256/tools/bin/../lib/gcc/arm-none-eabi/12.3.1/../../../../arm-none-eabi/lib/thumb/v7e-m+fp/hard\libc_nano.a(libc_a-strcmp.o)
                0x080001f0                strcmp
 *fill*         0x08000204        0xc 
 .text          0x08000210       0xa0 C:/ST/STM32CubeIDE_1.15.0/STM32CubeIDE/plugins/com.st.stm32cube.ide.mcu.externaltools.gnu-tools-for-stm32.12.3.rel1.win32_1.0.100.202403111256/tools/bin/../lib/gcc/arm-none-eabi/12.3.1/../../../../arm-none-eabi/lib/thumb/v7e-m+fp/hard\libc_nano.a(libc_a-memchr.o)
                0x08000210                memchr
 .text          0x080002b0       0x30 C:/ST/STM32CubeIDE_1.15.0/STM32CubeIDE/plugins/com.st.stm32cube.ide.mcu.externaltools.gnu-tools-for-stm32.12.3.rel1.win32_1.0.100.202403111256/tools/bin/../lib/gcc/arm-none-eabi/12.3.1/thumb/v7e-m+fp/hard\libgcc.a(_aeabi_uldivmod.o)
                0x080002b0                __aeabi_uldivmod
 .text          0x080002e0      0x2bc C:/ST/STM32CubeIDE_1.15.0/STM32CubeIDE/plugins/com.st.stm32cube.ide.mcu.externaltools.gnu-tools-for-stm32.12.3.rel1.win32_1.0.100.202403111256/tools/bin/../lib/gcc/arm-none-eabi/12.3.1/thumb/v7e-m+fp/hard\libgcc.a(_udivmoddi4.o)
                0x080002e0                __udivmoddi4
 .text          0x0800059c        0x4 C:/ST/STM32CubeIDE_1.15.0/STM32CubeIDE/plugins/com.st.stm32cube.ide.mcu.externaltools.gnu-tools-for-stm32.12.3.rel1.win32_1.0.100.202403111256/tools/bin/../lib/gcc/arm-none-eabi/12.3.1/thumb/v7e-m+fp/hard\libgcc.a(_dvmd_tls.o)
                0x0800059c                __aeabi_idiv0
                0x0800059c                __aeabi_ldiv0
 *(.text*)
 .text.app      0x080005a0       0x20 ./Core/Src/app.o
                0x080005a0                app
 .text.app_init
                0x080005c0       0x18 ./Core/Src/app.o
 .text.button_init
                0x080005d8       0x68 ./Core/Src/button.o
                0x080005d8                button_init
 .text.button_regcbf
                0x08000640       0x3c ./Core/Src/button.o
                0x08000640                button_regcbf
 .text.button_proc_blue
                0x0800067c       0x38 ./Core/Src/button.o
                0x0800067c                button_proc_blue
 .text.button_proc_uart
                0x080006b4       0x30 ./Core/Src/button.o
                0x080006b4                button_proc_uart
 .text.io_exti_btn_blue_callback
                0x080006e4       0x54 ./Core/Src/button.o
 .text.uart_btn_callback
                0x08000738       0x38 ./Core/Src/button.o
 .text.cli_btn_uart
                0x08000770       0x54 ./Core/Src/cli.o
 .text.cli_duty
                0x080007c4       0x4c ./Core/Src/cli.o
 .text.cli_dump
                0x08000810      0x140 ./Core/Src/cli.o
 .text.cli_mode
                0x08000950       0x3c ./Core/Src/cli.o
 .text.cli_led  0x0800098c       0x74 ./Core/Src/cli.o
 .text.cli_echo
                0x08000a00       0x3c ./Core/Src/cli.o
 .text.cli_help
                0x08000a3c       0x4c ./Core/Src/cli.o
 .text.cli_thread
                0x08000a88       0x4c ./Core/Src/cli.o
                0x08000a88                cli_thread
 .text.cli_init
                0x08000ad4       0x78 ./Core/Src/cli.o
                0x08000ad4                cli_init
 .text.cli_event_set
                0x08000b4c       0x38 ./Core/Src/cli.o
 .text.cli_parser
                0x08000b84       0xb0 ./Core/Src/cli.o
 .text.io_exti_init
                0x08000c34       0x7c ./Core/Src/gpio.o
                0x08000c34                io_exti_init
 .text.io_exti_regcbf
                0x08000cb0       0x3c ./Core/Src/gpio.o
                0x08000cb0                io_exti_regcbf
 .text.HAL_GPIO_EXTI_Callback
                0x08000cec       0x98 ./Core/Src/gpio.o
                0x08000cec                HAL_GPIO_EXTI_Callback
 .text.io_exti_dummy
                0x08000d84       0x18 ./Core/Src/gpio.o
 .text._write   0x08000d9c       0x2c ./Core/Src/io.o
                0x08000d9c                _write
 .text.main     0x08000dc8       0x50 ./Core/Src/main.o
                0x08000dc8                main
 .text.SystemClock_Config
                0x08000e18       0xd4 ./Core/Src/main.o
                0x08000e18                SystemClock_Config
 .text.MX_ETH_Init
                0x08000eec       0x9c ./Core/Src/main.o
 .text.MX_TIM3_Init
                0x08000f88       0x9c ./Core/Src/main.o
 .text.MX_USART2_UART_Init
                0x08001024       0x54 ./Core/Src/main.o
 .text.MX_USART3_UART_Init
                0x08001078       0x54 ./Core/Src/main.o
 .text.MX_USB_OTG_FS_PCD_Init
                0x080010cc       0x5c ./Core/Src/main.o
 .text.MX_GPIO_Init
                0x08001128      0x16c ./Core/Src/main.o
 .text.StartDefaultTask
                0x08001294       0x14 ./Core/Src/main.o
                0x08001294                StartDefaultTask
 .text.Error_Handler
                0x080012a8        0xc ./Core/Src/main.o
                0x080012a8                Error_Handler
 .text.polling_thread
                0x080012b4       0xd0 ./Core/Src/polling.o
 .text.polling_init
                0x08001384       0x78 ./Core/Src/polling.o
                0x08001384                polling_init
 .text.btn_blue_callback
                0x080013fc       0x20 ./Core/Src/polling.o
 .text.btn_uart_callback
                0x0800141c       0x20 ./Core/Src/polling.o
 .text.HAL_MspInit
                0x0800143c       0x58 ./Core/Src/stm32f4xx_hal_msp.o
                0x0800143c                HAL_MspInit
 .text.HAL_ETH_MspInit
                0x08001494      0x18c ./Core/Src/stm32f4xx_hal_msp.o
                0x08001494                HAL_ETH_MspInit
 .text.HAL_TIM_Base_MspInit
                0x08001620       0x90 ./Core/Src/stm32f4xx_hal_msp.o
                0x08001620                HAL_TIM_Base_MspInit
 .text.HAL_UART_MspInit
                0x080016b0      0x118 ./Core/Src/stm32f4xx_hal_msp.o
                0x080016b0                HAL_UART_MspInit
 .text.HAL_PCD_MspInit
                0x080017c8       0xb4 ./Core/Src/stm32f4xx_hal_msp.o
                0x080017c8                HAL_PCD_MspInit
 .text.NMI_Handler
                0x0800187c        0x8 ./Core/Src/stm32f4xx_it.o
                0x0800187c                NMI_Handler
 .text.HardFault_Handler
                0x08001884        0x8 ./Core/Src/stm32f4xx_it.o
                0x08001884                HardFault_Handler
 .text.MemManage_Handler
                0x0800188c        0x8 ./Core/Src/stm32f4xx_it.o
                0x0800188c                MemManage_Handler
 .text.BusFault_Handler
                0x08001894        0x8 ./Core/Src/stm32f4xx_it.o
                0x08001894                BusFault_Handler
 .text.UsageFault_Handler
                0x0800189c        0x8 ./Core/Src/stm32f4xx_it.o
                0x0800189c                UsageFault_Handler
 .text.DebugMon_Handler
                0x080018a4        0xe ./Core/Src/stm32f4xx_it.o
                0x080018a4                DebugMon_Handler
 .text.SysTick_Handler
                0x080018b2       0x1a ./Core/Src/stm32f4xx_it.o
                0x080018b2                SysTick_Handler
 .text.USART2_IRQHandler
                0x080018cc       0x14 ./Core/Src/stm32f4xx_it.o
                0x080018cc                USART2_IRQHandler
 .text.USART3_IRQHandler
                0x080018e0       0x14 ./Core/Src/stm32f4xx_it.o
                0x080018e0                USART3_IRQHandler
 .text.EXTI15_10_IRQHandler
                0x080018f4       0x10 ./Core/Src/stm32f4xx_it.o
                0x080018f4                EXTI15_10_IRQHandler
 .text._getpid  0x08001904       0x10 ./Core/Src/syscalls.o
                0x08001904                _getpid
 .text._kill    0x08001914       0x20 ./Core/Src/syscalls.o
                0x08001914                _kill
 .text._exit    0x08001934       0x16 ./Core/Src/syscalls.o
                0x08001934                _exit
 .text._read    0x0800194a       0x3a ./Core/Src/syscalls.o
                0x0800194a                _read
 .text._close   0x08001984       0x18 ./Core/Src/syscalls.o
                0x08001984                _close
 .text._fstat   0x0800199c       0x20 ./Core/Src/syscalls.o
                0x0800199c                _fstat
 .text._isatty  0x080019bc       0x16 ./Core/Src/syscalls.o
                0x080019bc                _isatty
 .text._lseek   0x080019d2       0x1a ./Core/Src/syscalls.o
                0x080019d2                _lseek
 .text._sbrk    0x080019ec       0x6c ./Core/Src/sysmem.o
                0x080019ec                _sbrk
 .text.SystemInit
                0x08001a58       0x24 ./Core/Src/system_stm32f4xx.o
                0x08001a58                SystemInit
 .text.uart_init
                0x08001a7c       0x6c ./Core/Src/uart.o
                0x08001a7c                uart_init
 .text.uart_regcbf
                0x08001ae8       0x34 ./Core/Src/uart.o
                0x08001ae8                uart_regcbf
 .text.HAL_UART_RxCpltCallback
                0x08001b1c       0xec ./Core/Src/uart.o
                0x08001b1c                HAL_UART_RxCpltCallback
 .text.Reset_Handler
                0x08001c08       0x50 ./Core/Startup/startup_stm32f429zitx.o
                0x08001c08                Reset_Handler
 .text.Default_Handler
                0x08001c58        0x2 ./Core/Startup/startup_stm32f429zitx.o
                0x08001c58                RTC_Alarm_IRQHandler
                0x08001c58                HASH_RNG_IRQHandler
                0x08001c58                EXTI2_IRQHandler
                0x08001c58                TIM8_CC_IRQHandler
                0x08001c58                UART8_IRQHandler
                0x08001c58                SPI4_IRQHandler
                0x08001c58                TIM1_CC_IRQHandler
                0x08001c58                DMA2_Stream5_IRQHandler
                0x08001c58                DMA1_Stream5_IRQHandler
                0x08001c58                PVD_IRQHandler
                0x08001c58                SDIO_IRQHandler
                0x08001c58                TAMP_STAMP_IRQHandler
                0x08001c58                CAN2_RX1_IRQHandler
                0x08001c58                EXTI3_IRQHandler
                0x08001c58                TIM8_TRG_COM_TIM14_IRQHandler
                0x08001c58                TIM1_UP_TIM10_IRQHandler
                0x08001c58                TIM8_UP_TIM13_IRQHandler
                0x08001c58                I2C3_ER_IRQHandler
                0x08001c58                EXTI0_IRQHandler
                0x08001c58                I2C2_EV_IRQHandler
                0x08001c58                DMA1_Stream2_IRQHandler
                0x08001c58                CAN1_RX0_IRQHandler
                0x08001c58                FPU_IRQHandler
                0x08001c58                OTG_HS_WKUP_IRQHandler
                0x08001c58                LTDC_ER_IRQHandler
                0x08001c58                CAN2_SCE_IRQHandler
                0x08001c58                DMA2_Stream2_IRQHandler
                0x08001c58                SPI1_IRQHandler
                0x08001c58                TIM6_DAC_IRQHandler
                0x08001c58                TIM1_BRK_TIM9_IRQHandler
                0x08001c58                DCMI_IRQHandler
                0x08001c58                CAN2_RX0_IRQHandler
                0x08001c58                DMA2_Stream3_IRQHandler
                0x08001c58                USART6_IRQHandler
                0x08001c58                CAN1_RX1_IRQHandler
                0x08001c58                UART5_IRQHandler
                0x08001c58                DMA2_Stream0_IRQHandler
                0x08001c58                TIM4_IRQHandler
                0x08001c58                I2C1_EV_IRQHandler
                0x08001c58                DMA1_Stream6_IRQHandler
                0x08001c58                DMA1_Stream1_IRQHandler
                0x08001c58                UART4_IRQHandler
                0x08001c58                TIM3_IRQHandler
                0x08001c58                RCC_IRQHandler
                0x08001c58                TIM8_BRK_TIM12_IRQHandler
                0x08001c58                Default_Handler
                0x08001c58                ADC_IRQHandler
                0x08001c58                DMA1_Stream7_IRQHandler
                0x08001c58                SPI5_IRQHandler
                0x08001c58                TIM7_IRQHandler
                0x08001c58                CAN2_TX_IRQHandler
                0x08001c58                TIM5_IRQHandler
                0x08001c58                DMA2_Stream7_IRQHandler
                0x08001c58                I2C3_EV_IRQHandler
                0x08001c58                EXTI9_5_IRQHandler
                0x08001c58                RTC_WKUP_IRQHandler
                0x08001c58                LTDC_IRQHandler
                0x08001c58                ETH_WKUP_IRQHandler
                0x08001c58                SPI2_IRQHandler
                0x08001c58                OTG_HS_EP1_IN_IRQHandler
                0x08001c58                DMA1_Stream0_IRQHandler
                0x08001c58                CAN1_TX_IRQHandler
                0x08001c58                EXTI4_IRQHandler
                0x08001c58                ETH_IRQHandler
                0x08001c58                OTG_HS_EP1_OUT_IRQHandler
                0x08001c58                WWDG_IRQHandler
                0x08001c58                SPI6_IRQHandler
                0x08001c58                TIM2_IRQHandler
                0x08001c58                OTG_FS_WKUP_IRQHandler
                0x08001c58                TIM1_TRG_COM_TIM11_IRQHandler
                0x08001c58                OTG_HS_IRQHandler
                0x08001c58                DMA2D_IRQHandler
                0x08001c58                EXTI1_IRQHandler
                0x08001c58                UART7_IRQHandler
                0x08001c58                I2C2_ER_IRQHandler
                0x08001c58                DMA2_Stream1_IRQHandler
                0x08001c58                CAN1_SCE_IRQHandler
                0x08001c58                FLASH_IRQHandler
                0x08001c58                DMA2_Stream4_IRQHandler
                0x08001c58                USART1_IRQHandler
                0x08001c58                OTG_FS_IRQHandler
                0x08001c58                SPI3_IRQHandler
                0x08001c58                DMA1_Stream4_IRQHandler
                0x08001c58                I2C1_ER_IRQHandler
                0x08001c58                FMC_IRQHandler
                0x08001c58                DMA2_Stream6_IRQHandler
                0x08001c58                SAI1_IRQHandler
                0x08001c58                DMA1_Stream3_IRQHandler
 *fill*         0x08001c5a        0x2 
 .text.HAL_Init
                0x08001c5c       0x44 ./Drivers/STM32F4xx_HAL_Driver/Src/stm32f4xx_hal.o
                0x08001c5c                HAL_Init
 .text.HAL_InitTick
                0x08001ca0       0x60 ./Drivers/STM32F4xx_HAL_Driver/Src/stm32f4xx_hal.o
                0x08001ca0                HAL_InitTick
 .text.HAL_IncTick
                0x08001d00       0x28 ./Drivers/STM32F4xx_HAL_Driver/Src/stm32f4xx_hal.o
                0x08001d00                HAL_IncTick
 .text.HAL_GetTick
                0x08001d28       0x18 ./Drivers/STM32F4xx_HAL_Driver/Src/stm32f4xx_hal.o
                0x08001d28                HAL_GetTick
 .text.HAL_Delay
                0x08001d40       0x48 ./Drivers/STM32F4xx_HAL_Driver/Src/stm32f4xx_hal.o
                0x08001d40                HAL_Delay
 .text.__NVIC_SetPriorityGrouping
                0x08001d88       0x48 ./Drivers/STM32F4xx_HAL_Driver/Src/stm32f4xx_hal_cortex.o
 .text.__NVIC_GetPriorityGrouping
                0x08001dd0       0x1c ./Drivers/STM32F4xx_HAL_Driver/Src/stm32f4xx_hal_cortex.o
 .text.__NVIC_EnableIRQ
                0x08001dec       0x3c ./Drivers/STM32F4xx_HAL_Driver/Src/stm32f4xx_hal_cortex.o
 .text.__NVIC_SetPriority
                0x08001e28       0x54 ./Drivers/STM32F4xx_HAL_Driver/Src/stm32f4xx_hal_cortex.o
 .text.NVIC_EncodePriority
                0x08001e7c       0x66 ./Drivers/STM32F4xx_HAL_Driver/Src/stm32f4xx_hal_cortex.o
 *fill*         0x08001ee2        0x2 
 .text.SysTick_Config
                0x08001ee4       0x44 ./Drivers/STM32F4xx_HAL_Driver/Src/stm32f4xx_hal_cortex.o
 .text.HAL_NVIC_SetPriorityGrouping
                0x08001f28       0x16 ./Drivers/STM32F4xx_HAL_Driver/Src/stm32f4xx_hal_cortex.o
                0x08001f28                HAL_NVIC_SetPriorityGrouping
 .text.HAL_NVIC_SetPriority
                0x08001f3e       0x38 ./Drivers/STM32F4xx_HAL_Driver/Src/stm32f4xx_hal_cortex.o
                0x08001f3e                HAL_NVIC_SetPriority
 .text.HAL_NVIC_EnableIRQ
                0x08001f76       0x1c ./Drivers/STM32F4xx_HAL_Driver/Src/stm32f4xx_hal_cortex.o
                0x08001f76                HAL_NVIC_EnableIRQ
 .text.HAL_SYSTICK_Config
                0x08001f92       0x18 ./Drivers/STM32F4xx_HAL_Driver/Src/stm32f4xx_hal_cortex.o
                0x08001f92                HAL_SYSTICK_Config
 .text.HAL_DMA_Abort
                0x08001faa       0xe0 ./Drivers/STM32F4xx_HAL_Driver/Src/stm32f4xx_hal_dma.o
                0x08001faa                HAL_DMA_Abort
 .text.HAL_DMA_Abort_IT
                0x0800208a       0x44 ./Drivers/STM32F4xx_HAL_Driver/Src/stm32f4xx_hal_dma.o
                0x0800208a                HAL_DMA_Abort_IT
 *fill*         0x080020ce        0x2 
 .text.HAL_ETH_Init
                0x080020d0       0xfc ./Drivers/STM32F4xx_HAL_Driver/Src/stm32f4xx_hal_eth.o
                0x080020d0                HAL_ETH_Init
 .text.ETH_SetMACConfig
                0x080021cc      0x160 ./Drivers/STM32F4xx_HAL_Driver/Src/stm32f4xx_hal_eth.o
 .text.ETH_SetDMAConfig
                0x0800232c      0x114 ./Drivers/STM32F4xx_HAL_Driver/Src/stm32f4xx_hal_eth.o
 .text.ETH_MACDMAConfig
                0x08002440       0xe4 ./Drivers/STM32F4xx_HAL_Driver/Src/stm32f4xx_hal_eth.o
 .text.ETH_MACAddressConfig
                0x08002524       0x70 ./Drivers/STM32F4xx_HAL_Driver/Src/stm32f4xx_hal_eth.o
 .text.ETH_DMATxDescListInit
                0x08002594       0xb2 ./Drivers/STM32F4xx_HAL_Driver/Src/stm32f4xx_hal_eth.o
 .text.ETH_DMARxDescListInit
                0x08002646       0xda ./Drivers/STM32F4xx_HAL_Driver/Src/stm32f4xx_hal_eth.o
 .text.HAL_GPIO_Init
                0x08002720      0x358 ./Drivers/STM32F4xx_HAL_Driver/Src/stm32f4xx_hal_gpio.o
                0x08002720                HAL_GPIO_Init
 .text.HAL_GPIO_ReadPin
                0x08002a78       0x30 ./Drivers/STM32F4xx_HAL_Driver/Src/stm32f4xx_hal_gpio.o
                0x08002a78                HAL_GPIO_ReadPin
 .text.HAL_GPIO_WritePin
                0x08002aa8       0x32 ./Drivers/STM32F4xx_HAL_Driver/Src/stm32f4xx_hal_gpio.o
                0x08002aa8                HAL_GPIO_WritePin
 *fill*         0x08002ada        0x2 
 .text.HAL_GPIO_EXTI_IRQHandler
                0x08002adc       0x30 ./Drivers/STM32F4xx_HAL_Driver/Src/stm32f4xx_hal_gpio.o
                0x08002adc                HAL_GPIO_EXTI_IRQHandler
 .text.HAL_PCD_Init
                0x08002b0c      0x21e ./Drivers/STM32F4xx_HAL_Driver/Src/stm32f4xx_hal_pcd.o
                0x08002b0c                HAL_PCD_Init
 *fill*         0x08002d2a        0x2 
 .text.HAL_RCC_OscConfig
                0x08002d2c      0x4f0 ./Drivers/STM32F4xx_HAL_Driver/Src/stm32f4xx_hal_rcc.o
                0x08002d2c                HAL_RCC_OscConfig
 .text.HAL_RCC_ClockConfig
                0x0800321c      0x1cc ./Drivers/STM32F4xx_HAL_Driver/Src/stm32f4xx_hal_rcc.o
                0x0800321c                HAL_RCC_ClockConfig
 .text.HAL_RCC_GetSysClockFreq
                0x080033e8      0x20c ./Drivers/STM32F4xx_HAL_Driver/Src/stm32f4xx_hal_rcc.o
                0x080033e8                HAL_RCC_GetSysClockFreq
 .text.HAL_RCC_GetHCLKFreq
                0x080035f4       0x18 ./Drivers/STM32F4xx_HAL_Driver/Src/stm32f4xx_hal_rcc.o
                0x080035f4                HAL_RCC_GetHCLKFreq
 .text.HAL_RCC_GetPCLK1Freq
                0x0800360c       0x28 ./Drivers/STM32F4xx_HAL_Driver/Src/stm32f4xx_hal_rcc.o
                0x0800360c                HAL_RCC_GetPCLK1Freq
 .text.HAL_RCC_GetPCLK2Freq
                0x08003634       0x28 ./Drivers/STM32F4xx_HAL_Driver/Src/stm32f4xx_hal_rcc.o
                0x08003634                HAL_RCC_GetPCLK2Freq
 .text.HAL_TIM_Base_Init
                0x0800365c       0x9e ./Drivers/STM32F4xx_HAL_Driver/Src/stm32f4xx_hal_tim.o
                0x0800365c                HAL_TIM_Base_Init
 .text.HAL_TIM_ConfigClockSource
                0x080036fa      0x18e ./Drivers/STM32F4xx_HAL_Driver/Src/stm32f4xx_hal_tim.o
                0x080036fa                HAL_TIM_ConfigClockSource
 .text.TIM_Base_SetConfig
                0x08003888      0x158 ./Drivers/STM32F4xx_HAL_Driver/Src/stm32f4xx_hal_tim.o
                0x08003888                TIM_Base_SetConfig
 .text.TIM_TI1_ConfigInputStage
                0x080039e0       0x5e ./Drivers/STM32F4xx_HAL_Driver/Src/stm32f4xx_hal_tim.o
 .text.TIM_TI2_ConfigInputStage
                0x08003a3e       0x60 ./Drivers/STM32F4xx_HAL_Driver/Src/stm32f4xx_hal_tim.o
 .text.TIM_ITRx_SetConfig
                0x08003a9e       0x36 ./Drivers/STM32F4xx_HAL_Driver/Src/stm32f4xx_hal_tim.o
 .text.TIM_ETR_SetConfig
                0x08003ad4       0x40 ./Drivers/STM32F4xx_HAL_Driver/Src/stm32f4xx_hal_tim.o
                0x08003ad4                TIM_ETR_SetConfig
 .text.HAL_TIMEx_MasterConfigSynchronization
                0x08003b14       0xf8 ./Drivers/STM32F4xx_HAL_Driver/Src/stm32f4xx_hal_tim_ex.o
                0x08003b14                HAL_TIMEx_MasterConfigSynchronization
 .text.HAL_UART_Init
                0x08003c0c       0xa0 ./Drivers/STM32F4xx_HAL_Driver/Src/stm32f4xx_hal_uart.o
                0x08003c0c                HAL_UART_Init
 .text.HAL_UART_Transmit
                0x08003cac      0x116 ./Drivers/STM32F4xx_HAL_Driver/Src/stm32f4xx_hal_uart.o
                0x08003cac                HAL_UART_Transmit
 .text.HAL_UART_Receive_IT
                0x08003dc2       0x4a ./Drivers/STM32F4xx_HAL_Driver/Src/stm32f4xx_hal_uart.o
                0x08003dc2                HAL_UART_Receive_IT
 .text.HAL_UART_IRQHandler
                0x08003e0c      0x524 ./Drivers/STM32F4xx_HAL_Driver/Src/stm32f4xx_hal_uart.o
                0x08003e0c                HAL_UART_IRQHandler
 .text.HAL_UART_TxCpltCallback
                0x08004330       0x14 ./Drivers/STM32F4xx_HAL_Driver/Src/stm32f4xx_hal_uart.o
                0x08004330                HAL_UART_TxCpltCallback
 .text.HAL_UART_ErrorCallback
                0x08004344       0x14 ./Drivers/STM32F4xx_HAL_Driver/Src/stm32f4xx_hal_uart.o
                0x08004344                HAL_UART_ErrorCallback
 .text.HAL_UARTEx_RxEventCallback
                0x08004358       0x18 ./Drivers/STM32F4xx_HAL_Driver/Src/stm32f4xx_hal_uart.o
                0x08004358                HAL_UARTEx_RxEventCallback
 .text.UART_WaitOnFlagUntilTimeout
                0x08004370       0xb2 ./Drivers/STM32F4xx_HAL_Driver/Src/stm32f4xx_hal_uart.o
 .text.UART_Start_Receive_IT
                0x08004422       0x74 ./Drivers/STM32F4xx_HAL_Driver/Src/stm32f4xx_hal_uart.o
                0x08004422                UART_Start_Receive_IT
 .text.UART_EndRxTransfer
                0x08004496       0xc6 ./Drivers/STM32F4xx_HAL_Driver/Src/stm32f4xx_hal_uart.o
 .text.UART_DMAAbortOnError
                0x0800455c       0x28 ./Drivers/STM32F4xx_HAL_Driver/Src/stm32f4xx_hal_uart.o
 .text.UART_Transmit_IT
                0x08004584       0xa0 ./Drivers/STM32F4xx_HAL_Driver/Src/stm32f4xx_hal_uart.o
 .text.UART_EndTransmit_IT
                0x08004624       0x30 ./Drivers/STM32F4xx_HAL_Driver/Src/stm32f4xx_hal_uart.o
 .text.UART_Receive_IT
                0x08004654      0x17c ./Drivers/STM32F4xx_HAL_Driver/Src/stm32f4xx_hal_uart.o
 .text.UART_SetConfig
                0x080047d0      0x4e8 ./Drivers/STM32F4xx_HAL_Driver/Src/stm32f4xx_hal_uart.o
 .text.USB_CoreInit
                0x08004cb8       0xc8 ./Drivers/STM32F4xx_HAL_Driver/Src/stm32f4xx_ll_usb.o
                0x08004cb8                USB_CoreInit
 .text.USB_DisableGlobalInt
                0x08004d80       0x22 ./Drivers/STM32F4xx_HAL_Driver/Src/stm32f4xx_ll_usb.o
                0x08004d80                USB_DisableGlobalInt
 .text.USB_SetCurrentMode
                0x08004da2       0x98 ./Drivers/STM32F4xx_HAL_Driver/Src/stm32f4xx_ll_usb.o
                0x08004da2                USB_SetCurrentMode
 *fill*         0x08004e3a        0x2 
 .text.USB_DevInit
                0x08004e3c      0x2c8 ./Drivers/STM32F4xx_HAL_Driver/Src/stm32f4xx_ll_usb.o
                0x08004e3c                USB_DevInit
 .text.USB_FlushTxFifo
                0x08005104       0x64 ./Drivers/STM32F4xx_HAL_Driver/Src/stm32f4xx_ll_usb.o
                0x08005104                USB_FlushTxFifo
 .text.USB_FlushRxFifo
                0x08005168       0x5c ./Drivers/STM32F4xx_HAL_Driver/Src/stm32f4xx_ll_usb.o
                0x08005168                USB_FlushRxFifo
 .text.USB_SetDevSpeed
                0x080051c4       0x32 ./Drivers/STM32F4xx_HAL_Driver/Src/stm32f4xx_ll_usb.o
                0x080051c4                USB_SetDevSpeed
 .text.USB_DevDisconnect
                0x080051f6       0x42 ./Drivers/STM32F4xx_HAL_Driver/Src/stm32f4xx_ll_usb.o
                0x080051f6                USB_DevDisconnect
 .text.USB_GetMode
                0x08005238       0x1c ./Drivers/STM32F4xx_HAL_Driver/Src/stm32f4xx_ll_usb.o
                0x08005238                USB_GetMode
 .text.USB_CoreReset
                0x08005254       0x62 ./Drivers/STM32F4xx_HAL_Driver/Src/stm32f4xx_ll_usb.o
 *fill*         0x080052b6        0x2 
 .text.__NVIC_SetPriority
                0x080052b8       0x54 ./Middlewares/Third_Party/FreeRTOS/Source/CMSIS_RTOS_V2/cmsis_os2.o
 .text.SVC_Setup
                0x0800530c       0x12 ./Middlewares/Third_Party/FreeRTOS/Source/CMSIS_RTOS_V2/cmsis_os2.o
 *fill*         0x0800531e        0x2 
 .text.osKernelInitialize
                0x08005320       0x48 ./Middlewares/Third_Party/FreeRTOS/Source/CMSIS_RTOS_V2/cmsis_os2.o
                0x08005320                osKernelInitialize
 .text.osKernelStart
                0x08005368       0x4c ./Middlewares/Third_Party/FreeRTOS/Source/CMSIS_RTOS_V2/cmsis_os2.o
                0x08005368                osKernelStart
 .text.osThreadNew
                0x080053b4      0x124 ./Middlewares/Third_Party/FreeRTOS/Source/CMSIS_RTOS_V2/cmsis_os2.o
                0x080053b4                osThreadNew
 .text.osEventFlagsNew
                0x080054d8       0x7e ./Middlewares/Third_Party/FreeRTOS/Source/CMSIS_RTOS_V2/cmsis_os2.o
                0x080054d8                osEventFlagsNew
 *fill*         0x08005556        0x2 
 .text.osEventFlagsSet
                0x08005558       0x84 ./Middlewares/Third_Party/FreeRTOS/Source/CMSIS_RTOS_V2/cmsis_os2.o
                0x08005558                osEventFlagsSet
 .text.osEventFlagsWait
                0x080055dc       0xca ./Middlewares/Third_Party/FreeRTOS/Source/CMSIS_RTOS_V2/cmsis_os2.o
                0x080055dc                osEventFlagsWait
 *fill*         0x080056a6        0x2 
 .text.vApplicationGetIdleTaskMemory
                0x080056a8       0x34 ./Middlewares/Third_Party/FreeRTOS/Source/CMSIS_RTOS_V2/cmsis_os2.o
                0x080056a8                vApplicationGetIdleTaskMemory
 .text.vApplicationGetTimerTaskMemory
                0x080056dc       0x34 ./Middlewares/Third_Party/FreeRTOS/Source/CMSIS_RTOS_V2/cmsis_os2.o
                0x080056dc                vApplicationGetTimerTaskMemory
 .text.xEventGroupCreateStatic
                0x08005710       0x72 ./Middlewares/Third_Party/FreeRTOS/Source/event_groups.o
                0x08005710                xEventGroupCreateStatic
 .text.xEventGroupCreate
                0x08005782       0x34 ./Middlewares/Third_Party/FreeRTOS/Source/event_groups.o
                0x08005782                xEventGroupCreate
 *fill*         0x080057b6        0x2 
 .text.xEventGroupWaitBits
                0x080057b8      0x1a4 ./Middlewares/Third_Party/FreeRTOS/Source/event_groups.o
                0x080057b8                xEventGroupWaitBits
 .text.xEventGroupSetBits
                0x0800595c      0x118 ./Middlewares/Third_Party/FreeRTOS/Source/event_groups.o
                0x0800595c                xEventGroupSetBits
 .text.vEventGroupSetBitsCallback
                0x08005a74       0x1a ./Middlewares/Third_Party/FreeRTOS/Source/event_groups.o
                0x08005a74                vEventGroupSetBitsCallback
 .text.prvTestWaitCondition
                0x08005a8e       0x44 ./Middlewares/Third_Party/FreeRTOS/Source/event_groups.o
 *fill*         0x08005ad2        0x2 
 .text.xEventGroupSetBitsFromISR
                0x08005ad4       0x28 ./Middlewares/Third_Party/FreeRTOS/Source/event_groups.o
                0x08005ad4                xEventGroupSetBitsFromISR
 .text.vListInitialise
                0x08005afc       0x40 ./Middlewares/Third_Party/FreeRTOS/Source/list.o
                0x08005afc                vListInitialise
 .text.vListInitialiseItem
                0x08005b3c       0x1a ./Middlewares/Third_Party/FreeRTOS/Source/list.o
                0x08005b3c                vListInitialiseItem
 .text.vListInsertEnd
                0x08005b56       0x48 ./Middlewares/Third_Party/FreeRTOS/Source/list.o
                0x08005b56                vListInsertEnd
 .text.vListInsert
                0x08005b9e       0x72 ./Middlewares/Third_Party/FreeRTOS/Source/list.o
                0x08005b9e                vListInsert
 .text.uxListRemove
                0x08005c10       0x54 ./Middlewares/Third_Party/FreeRTOS/Source/list.o
                0x08005c10                uxListRemove
 .text.xQueueGenericReset
                0x08005c64       0xd4 ./Middlewares/Third_Party/FreeRTOS/Source/queue.o
                0x08005c64                xQueueGenericReset
 .text.xQueueGenericCreateStatic
                0x08005d38       0xfa ./Middlewares/Third_Party/FreeRTOS/Source/queue.o
                0x08005d38                xQueueGenericCreateStatic
 .text.prvInitialiseNewQueue
                0x08005e32       0x46 ./Middlewares/Third_Party/FreeRTOS/Source/queue.o
 .text.xQueueGenericSend
                0x08005e78      0x204 ./Middlewares/Third_Party/FreeRTOS/Source/queue.o
                0x08005e78                xQueueGenericSend
 .text.xQueueGenericSendFromISR
                0x0800607c      0x13c ./Middlewares/Third_Party/FreeRTOS/Source/queue.o
                0x0800607c                xQueueGenericSendFromISR
 .text.xQueueReceive
                0x080061b8      0x1c4 ./Middlewares/Third_Party/FreeRTOS/Source/queue.o
                0x080061b8                xQueueReceive
 .text.prvCopyDataToQueue
                0x0800637c       0xd4 ./Middlewares/Third_Party/FreeRTOS/Source/queue.o
 .text.prvCopyDataFromQueue
                0x08006450       0x4c ./Middlewares/Third_Party/FreeRTOS/Source/queue.o
 .text.prvUnlockQueue
                0x0800649c       0xa4 ./Middlewares/Third_Party/FreeRTOS/Source/queue.o
 .text.prvIsQueueEmpty
                0x08006540       0x2c ./Middlewares/Third_Party/FreeRTOS/Source/queue.o
 .text.prvIsQueueFull
                0x0800656c       0x30 ./Middlewares/Third_Party/FreeRTOS/Source/queue.o
 .text.vQueueAddToRegistry
                0x0800659c       0x54 ./Middlewares/Third_Party/FreeRTOS/Source/queue.o
                0x0800659c                vQueueAddToRegistry
 .text.vQueueWaitForMessageRestricted
                0x080065f0       0x68 ./Middlewares/Third_Party/FreeRTOS/Source/queue.o
                0x080065f0                vQueueWaitForMessageRestricted
 .text.xTaskCreateStatic
                0x08006658       0xc0 ./Middlewares/Third_Party/FreeRTOS/Source/tasks.o
                0x08006658                xTaskCreateStatic
 .text.xTaskCreate
                0x08006718       0x8a ./Middlewares/Third_Party/FreeRTOS/Source/tasks.o
                0x08006718                xTaskCreate
 *fill*         0x080067a2        0x2 
 .text.prvInitialiseNewTask
                0x080067a4      0x150 ./Middlewares/Third_Party/FreeRTOS/Source/tasks.o
 .text.prvAddNewTaskToReadyList
                0x080068f4       0xe0 ./Middlewares/Third_Party/FreeRTOS/Source/tasks.o
 .text.vTaskStartScheduler
                0x080069d4       0xe0 ./Middlewares/Third_Party/FreeRTOS/Source/tasks.o
                0x080069d4                vTaskStartScheduler
 .text.vTaskSuspendAll
                0x08006ab4       0x1c ./Middlewares/Third_Party/FreeRTOS/Source/tasks.o
                0x08006ab4                vTaskSuspendAll
 .text.xTaskResumeAll
                0x08006ad0      0x13c ./Middlewares/Third_Party/FreeRTOS/Source/tasks.o
                0x08006ad0                xTaskResumeAll
 .text.xTaskGetTickCount
                0x08006c0c       0x20 ./Middlewares/Third_Party/FreeRTOS/Source/tasks.o
                0x08006c0c                xTaskGetTickCount
 .text.xTaskIncrementTick
                0x08006c2c      0x174 ./Middlewares/Third_Party/FreeRTOS/Source/tasks.o
                0x08006c2c                xTaskIncrementTick
 .text.vTaskSwitchContext
                0x08006da0       0xcc ./Middlewares/Third_Party/FreeRTOS/Source/tasks.o
                0x08006da0                vTaskSwitchContext
 .text.vTaskPlaceOnEventList
                0x08006e6c       0x4c ./Middlewares/Third_Party/FreeRTOS/Source/tasks.o
                0x08006e6c                vTaskPlaceOnEventList
 .text.vTaskPlaceOnUnorderedEventList
                0x08006eb8       0x7c ./Middlewares/Third_Party/FreeRTOS/Source/tasks.o
                0x08006eb8                vTaskPlaceOnUnorderedEventList
 .text.vTaskPlaceOnEventListRestricted
                0x08006f34       0x58 ./Middlewares/Third_Party/FreeRTOS/Source/tasks.o
                0x08006f34                vTaskPlaceOnEventListRestricted
 .text.xTaskRemoveFromEventList
                0x08006f8c       0xc8 ./Middlewares/Third_Party/FreeRTOS/Source/tasks.o
                0x08006f8c                xTaskRemoveFromEventList
 .text.vTaskRemoveFromUnorderedEventList
                0x08007054       0xc8 ./Middlewares/Third_Party/FreeRTOS/Source/tasks.o
                0x08007054                vTaskRemoveFromUnorderedEventList
 .text.vTaskInternalSetTimeOutState
                0x0800711c       0x2c ./Middlewares/Third_Party/FreeRTOS/Source/tasks.o
                0x0800711c                vTaskInternalSetTimeOutState
 .text.xTaskCheckForTimeOut
                0x08007148       0xc8 ./Middlewares/Third_Party/FreeRTOS/Source/tasks.o
                0x08007148                xTaskCheckForTimeOut
 .text.vTaskMissedYield
                0x08007210       0x18 ./Middlewares/Third_Party/FreeRTOS/Source/tasks.o
                0x08007210                vTaskMissedYield
 .text.prvIdleTask
                0x08007228       0x30 ./Middlewares/Third_Party/FreeRTOS/Source/tasks.o
 .text.prvInitialiseTaskLists
                0x08007258       0x80 ./Middlewares/Third_Party/FreeRTOS/Source/tasks.o
 .text.prvCheckTasksWaitingTermination
                0x080072d8       0x5c ./Middlewares/Third_Party/FreeRTOS/Source/tasks.o
 .text.prvDeleteTCB
                0x08007334       0x6a ./Middlewares/Third_Party/FreeRTOS/Source/tasks.o
 *fill*         0x0800739e        0x2 
 .text.prvResetNextTaskUnblockTime
                0x080073a0       0x40 ./Middlewares/Third_Party/FreeRTOS/Source/tasks.o
 .text.xTaskGetSchedulerState
                0x080073e0       0x3c ./Middlewares/Third_Party/FreeRTOS/Source/tasks.o
                0x080073e0                xTaskGetSchedulerState
 .text.xTaskPriorityDisinherit
                0x0800741c       0xe0 ./Middlewares/Third_Party/FreeRTOS/Source/tasks.o
                0x0800741c                xTaskPriorityDisinherit
 .text.uxTaskResetEventItemValue
                0x080074fc       0x30 ./Middlewares/Third_Party/FreeRTOS/Source/tasks.o
                0x080074fc                uxTaskResetEventItemValue
 .text.prvAddCurrentTaskToDelayedList
                0x0800752c       0xa8 ./Middlewares/Third_Party/FreeRTOS/Source/tasks.o
 .text.xTimerCreateTimerTask
                0x080075d4       0x94 ./Middlewares/Third_Party/FreeRTOS/Source/timers.o
                0x080075d4                xTimerCreateTimerTask
 .text.xTimerGenericCommand
                0x08007668       0x9c ./Middlewares/Third_Party/FreeRTOS/Source/timers.o
                0x08007668                xTimerGenericCommand
 .text.prvProcessExpiredTimer
                0x08007704       0x9c ./Middlewares/Third_Party/FreeRTOS/Source/timers.o
 .text.prvTimerTask
                0x080077a0       0x26 ./Middlewares/Third_Party/FreeRTOS/Source/timers.o
 *fill*         0x080077c6        0x2 
 .text.prvProcessTimerOrBlockTask
                0x080077c8       0x9c ./Middlewares/Third_Party/FreeRTOS/Source/timers.o
 .text.prvGetNextExpireTime
                0x08007864       0x48 ./Middlewares/Third_Party/FreeRTOS/Source/timers.o
 .text.prvSampleTimeNow
                0x080078ac       0x40 ./Middlewares/Third_Party/FreeRTOS/Source/timers.o
 .text.prvInsertTimerInActiveList
                0x080078ec       0x84 ./Middlewares/Third_Party/FreeRTOS/Source/timers.o
 .text.prvProcessReceivedCommands
                0x08007970      0x1cc ./Middlewares/Third_Party/FreeRTOS/Source/timers.o
 .text.prvSwitchTimerLists
                0x08007b3c       0xcc ./Middlewares/Third_Party/FreeRTOS/Source/timers.o
 .text.prvCheckForValidListAndQueue
                0x08007c08       0x80 ./Middlewares/Third_Party/FreeRTOS/Source/timers.o
 .text.xTimerPendFunctionCallFromISR
                0x08007c88       0x40 ./Middlewares/Third_Party/FreeRTOS/Source/timers.o
                0x08007c88                xTimerPendFunctionCallFromISR
 .text.pxPortInitialiseStack
                0x08007cc8       0x68 ./Middlewares/Third_Party/FreeRTOS/Source/portable/GCC/ARM_CM4F/port.o
                0x08007cc8                pxPortInitialiseStack
 .text.prvTaskExitError
                0x08007d30       0x5c ./Middlewares/Third_Party/FreeRTOS/Source/portable/GCC/ARM_CM4F/port.o
 *fill*         0x08007d8c        0x4 
 .text.SVC_Handler
                0x08007d90       0x28 ./Middlewares/Third_Party/FreeRTOS/Source/portable/GCC/ARM_CM4F/port.o
                0x08007d90                SVC_Handler
 .text.prvPortStartFirstTask
                0x08007db8       0x28 ./Middlewares/Third_Party/FreeRTOS/Source/portable/GCC/ARM_CM4F/port.o
 .text.xPortStartScheduler
                0x08007de0      0x148 ./Middlewares/Third_Party/FreeRTOS/Source/portable/GCC/ARM_CM4F/port.o
                0x08007de0                xPortStartScheduler
 .text.vPortEnterCritical
                0x08007f28       0x64 ./Middlewares/Third_Party/FreeRTOS/Source/portable/GCC/ARM_CM4F/port.o
                0x08007f28                vPortEnterCritical
 .text.vPortExitCritical
                0x08007f8c       0x54 ./Middlewares/Third_Party/FreeRTOS/Source/portable/GCC/ARM_CM4F/port.o
                0x08007f8c                vPortExitCritical
 .text.PendSV_Handler
                0x08007fe0       0x68 ./Middlewares/Third_Party/FreeRTOS/Source/portable/GCC/ARM_CM4F/port.o
                0x08007fe0                PendSV_Handler
 .text.xPortSysTickHandler
                0x08008048       0x44 ./Middlewares/Third_Party/FreeRTOS/Source/portable/GCC/ARM_CM4F/port.o
                0x08008048                xPortSysTickHandler
 .text.vPortSetupTimerInterrupt
                0x0800808c       0x48 ./Middlewares/Third_Party/FreeRTOS/Source/portable/GCC/ARM_CM4F/port.o
                0x0800808c                vPortSetupTimerInterrupt
 .text.vPortEnableVFP
                0x080080d4       0x14 ./Middlewares/Third_Party/FreeRTOS/Source/portable/GCC/ARM_CM4F/port.o
 .text.vPortValidateInterruptPriority
                0x080080e8       0x84 ./Middlewares/Third_Party/FreeRTOS/Source/portable/GCC/ARM_CM4F/port.o
                0x080080e8                vPortValidateInterruptPriority
 .text.pvPortMalloc
                0x0800816c      0x19c ./Middlewares/Third_Party/FreeRTOS/Source/portable/MemMang/heap_4.o
                0x0800816c                pvPortMalloc
 .text.vPortFree
                0x08008308       0xc8 ./Middlewares/Third_Party/FreeRTOS/Source/portable/MemMang/heap_4.o
                0x08008308                vPortFree
 .text.prvHeapInit
                0x080083d0       0xc4 ./Middlewares/Third_Party/FreeRTOS/Source/portable/MemMang/heap_4.o
 .text.prvInsertBlockIntoFreeList
                0x08008494       0xb4 ./Middlewares/Third_Party/FreeRTOS/Source/portable/MemMang/heap_4.o
 .text._strtol_l.constprop.0
                0x08008548       0xf4 C:/ST/STM32CubeIDE_1.15.0/STM32CubeIDE/plugins/com.st.stm32cube.ide.mcu.externaltools.gnu-tools-for-stm32.12.3.rel1.win32_1.0.100.202403111256/tools/bin/../lib/gcc/arm-none-eabi/12.3.1/../../../../arm-none-eabi/lib/thumb/v7e-m+fp/hard\libc_nano.a(libc_a-strtol.o)
 .text.strtol   0x0800863c       0x14 C:/ST/STM32CubeIDE_1.15.0/STM32CubeIDE/plugins/com.st.stm32cube.ide.mcu.externaltools.gnu-tools-for-stm32.12.3.rel1.win32_1.0.100.202403111256/tools/bin/../lib/gcc/arm-none-eabi/12.3.1/../../../../arm-none-eabi/lib/thumb/v7e-m+fp/hard\libc_nano.a(libc_a-strtol.o)
                0x0800863c                strtol
 .text.std      0x08008650       0x6c C:/ST/STM32CubeIDE_1.15.0/STM32CubeIDE/plugins/com.st.stm32cube.ide.mcu.externaltools.gnu-tools-for-stm32.12.3.rel1.win32_1.0.100.202403111256/tools/bin/../lib/gcc/arm-none-eabi/12.3.1/../../../../arm-none-eabi/lib/thumb/v7e-m+fp/hard\libc_nano.a(libc_a-findfp.o)
 .text.stdio_exit_handler
                0x080086bc       0x18 C:/ST/STM32CubeIDE_1.15.0/STM32CubeIDE/plugins/com.st.stm32cube.ide.mcu.externaltools.gnu-tools-for-stm32.12.3.rel1.win32_1.0.100.202403111256/tools/bin/../lib/gcc/arm-none-eabi/12.3.1/../../../../arm-none-eabi/lib/thumb/v7e-m+fp/hard\libc_nano.a(libc_a-findfp.o)
 .text.cleanup_stdio
                0x080086d4       0x40 C:/ST/STM32CubeIDE_1.15.0/STM32CubeIDE/plugins/com.st.stm32cube.ide.mcu.externaltools.gnu-tools-for-stm32.12.3.rel1.win32_1.0.100.202403111256/tools/bin/../lib/gcc/arm-none-eabi/12.3.1/../../../../arm-none-eabi/lib/thumb/v7e-m+fp/hard\libc_nano.a(libc_a-findfp.o)
 .text.global_stdio_init.part.0
                0x08008714       0x3c C:/ST/STM32CubeIDE_1.15.0/STM32CubeIDE/plugins/com.st.stm32cube.ide.mcu.externaltools.gnu-tools-for-stm32.12.3.rel1.win32_1.0.100.202403111256/tools/bin/../lib/gcc/arm-none-eabi/12.3.1/../../../../arm-none-eabi/lib/thumb/v7e-m+fp/hard\libc_nano.a(libc_a-findfp.o)
 .text.__sfp_lock_acquire
                0x08008750        0xc C:/ST/STM32CubeIDE_1.15.0/STM32CubeIDE/plugins/com.st.stm32cube.ide.mcu.externaltools.gnu-tools-for-stm32.12.3.rel1.win32_1.0.100.202403111256/tools/bin/../lib/gcc/arm-none-eabi/12.3.1/../../../../arm-none-eabi/lib/thumb/v7e-m+fp/hard\libc_nano.a(libc_a-findfp.o)
                0x08008750                __sfp_lock_acquire
 .text.__sfp_lock_release
                0x0800875c        0xc C:/ST/STM32CubeIDE_1.15.0/STM32CubeIDE/plugins/com.st.stm32cube.ide.mcu.externaltools.gnu-tools-for-stm32.12.3.rel1.win32_1.0.100.202403111256/tools/bin/../lib/gcc/arm-none-eabi/12.3.1/../../../../arm-none-eabi/lib/thumb/v7e-m+fp/hard\libc_nano.a(libc_a-findfp.o)
                0x0800875c                __sfp_lock_release
 .text.__sinit  0x08008768       0x30 C:/ST/STM32CubeIDE_1.15.0/STM32CubeIDE/plugins/com.st.stm32cube.ide.mcu.externaltools.gnu-tools-for-stm32.12.3.rel1.win32_1.0.100.202403111256/tools/bin/../lib/gcc/arm-none-eabi/12.3.1/../../../../arm-none-eabi/lib/thumb/v7e-m+fp/hard\libc_nano.a(libc_a-findfp.o)
                0x08008768                __sinit
 .text._fwalk_sglue
                0x08008798       0x3c C:/ST/STM32CubeIDE_1.15.0/STM32CubeIDE/plugins/com.st.stm32cube.ide.mcu.externaltools.gnu-tools-for-stm32.12.3.rel1.win32_1.0.100.202403111256/tools/bin/../lib/gcc/arm-none-eabi/12.3.1/../../../../arm-none-eabi/lib/thumb/v7e-m+fp/hard\libc_nano.a(libc_a-fwalk.o)
                0x08008798                _fwalk_sglue
 .text.printf   0x080087d4       0x24 C:/ST/STM32CubeIDE_1.15.0/STM32CubeIDE/plugins/com.st.stm32cube.ide.mcu.externaltools.gnu-tools-for-stm32.12.3.rel1.win32_1.0.100.202403111256/tools/bin/../lib/gcc/arm-none-eabi/12.3.1/../../../../arm-none-eabi/lib/thumb/v7e-m+fp/hard\libc_nano.a(libc_a-printf.o)
                0x080087d4                iprintf
                0x080087d4                printf
 .text.putchar  0x080087f8       0x10 C:/ST/STM32CubeIDE_1.15.0/STM32CubeIDE/plugins/com.st.stm32cube.ide.mcu.externaltools.gnu-tools-for-stm32.12.3.rel1.win32_1.0.100.202403111256/tools/bin/../lib/gcc/arm-none-eabi/12.3.1/../../../../arm-none-eabi/lib/thumb/v7e-m+fp/hard\libc_nano.a(libc_a-putchar.o)
                0x080087f8                putchar
 .text._puts_r  0x08008808       0xaa C:/ST/STM32CubeIDE_1.15.0/STM32CubeIDE/plugins/com.st.stm32cube.ide.mcu.externaltools.gnu-tools-for-stm32.12.3.rel1.win32_1.0.100.202403111256/tools/bin/../lib/gcc/arm-none-eabi/12.3.1/../../../../arm-none-eabi/lib/thumb/v7e-m+fp/hard\libc_nano.a(libc_a-puts.o)
                0x08008808                _puts_r
 *fill*         0x080088b2        0x2 
 .text.puts     0x080088b4       0x10 C:/ST/STM32CubeIDE_1.15.0/STM32CubeIDE/plugins/com.st.stm32cube.ide.mcu.externaltools.gnu-tools-for-stm32.12.3.rel1.win32_1.0.100.202403111256/tools/bin/../lib/gcc/arm-none-eabi/12.3.1/../../../../arm-none-eabi/lib/thumb/v7e-m+fp/hard\libc_nano.a(libc_a-puts.o)
                0x080088b4                puts
 .text.__sread  0x080088c4       0x22 C:/ST/STM32CubeIDE_1.15.0/STM32CubeIDE/plugins/com.st.stm32cube.ide.mcu.externaltools.gnu-tools-for-stm32.12.3.rel1.win32_1.0.100.202403111256/tools/bin/../lib/gcc/arm-none-eabi/12.3.1/../../../../arm-none-eabi/lib/thumb/v7e-m+fp/hard\libc_nano.a(libc_a-stdio.o)
                0x080088c4                __sread
 .text.__swrite
                0x080088e6       0x38 C:/ST/STM32CubeIDE_1.15.0/STM32CubeIDE/plugins/com.st.stm32cube.ide.mcu.externaltools.gnu-tools-for-stm32.12.3.rel1.win32_1.0.100.202403111256/tools/bin/../lib/gcc/arm-none-eabi/12.3.1/../../../../arm-none-eabi/lib/thumb/v7e-m+fp/hard\libc_nano.a(libc_a-stdio.o)
                0x080088e6                __swrite
 .text.__sseek  0x0800891e       0x24 C:/ST/STM32CubeIDE_1.15.0/STM32CubeIDE/plugins/com.st.stm32cube.ide.mcu.externaltools.gnu-tools-for-stm32.12.3.rel1.win32_1.0.100.202403111256/tools/bin/../lib/gcc/arm-none-eabi/12.3.1/../../../../arm-none-eabi/lib/thumb/v7e-m+fp/hard\libc_nano.a(libc_a-stdio.o)
                0x0800891e                __sseek
 .text.__sclose
                0x08008942        0x8 C:/ST/STM32CubeIDE_1.15.0/STM32CubeIDE/plugins/com.st.stm32cube.ide.mcu.externaltools.gnu-tools-for-stm32.12.3.rel1.win32_1.0.100.202403111256/tools/bin/../lib/gcc/arm-none-eabi/12.3.1/../../../../arm-none-eabi/lib/thumb/v7e-m+fp/hard\libc_nano.a(libc_a-stdio.o)
                0x08008942                __sclose
 .text.__swbuf_r
                0x0800894a       0x7c C:/ST/STM32CubeIDE_1.15.0/STM32CubeIDE/plugins/com.st.stm32cube.ide.mcu.externaltools.gnu-tools-for-stm32.12.3.rel1.win32_1.0.100.202403111256/tools/bin/../lib/gcc/arm-none-eabi/12.3.1/../../../../arm-none-eabi/lib/thumb/v7e-m+fp/hard\libc_nano.a(libc_a-wbuf.o)
                0x0800894a                __swbuf_r
 *fill*         0x080089c6        0x2 
 .text.__swsetup_r
                0x080089c8       0xac C:/ST/STM32CubeIDE_1.15.0/STM32CubeIDE/plugins/com.st.stm32cube.ide.mcu.externaltools.gnu-tools-for-stm32.12.3.rel1.win32_1.0.100.202403111256/tools/bin/../lib/gcc/arm-none-eabi/12.3.1/../../../../arm-none-eabi/lib/thumb/v7e-m+fp/hard\libc_nano.a(libc_a-wsetup.o)
                0x080089c8                __swsetup_r
 .text.memset   0x08008a74       0x10 C:/ST/STM32CubeIDE_1.15.0/STM32CubeIDE/plugins/com.st.stm32cube.ide.mcu.externaltools.gnu-tools-for-stm32.12.3.rel1.win32_1.0.100.202403111256/tools/bin/../lib/gcc/arm-none-eabi/12.3.1/../../../../arm-none-eabi/lib/thumb/v7e-m+fp/hard\libc_nano.a(libc_a-memset.o)
                0x08008a74                memset
 .text.strncmp  0x08008a84       0x24 C:/ST/STM32CubeIDE_1.15.0/STM32CubeIDE/plugins/com.st.stm32cube.ide.mcu.externaltools.gnu-tools-for-stm32.12.3.rel1.win32_1.0.100.202403111256/tools/bin/../lib/gcc/arm-none-eabi/12.3.1/../../../../arm-none-eabi/lib/thumb/v7e-m+fp/hard\libc_nano.a(libc_a-strncmp.o)
                0x08008a84                strncmp
 .text.strtok   0x08008aa8       0x68 C:/ST/STM32CubeIDE_1.15.0/STM32CubeIDE/plugins/com.st.stm32cube.ide.mcu.externaltools.gnu-tools-for-stm32.12.3.rel1.win32_1.0.100.202403111256/tools/bin/../lib/gcc/arm-none-eabi/12.3.1/../../../../arm-none-eabi/lib/thumb/v7e-m+fp/hard\libc_nano.a(libc_a-strtok.o)
                0x08008aa8                strtok
 .text.__strtok_r
                0x08008b10       0x50 C:/ST/STM32CubeIDE_1.15.0/STM32CubeIDE/plugins/com.st.stm32cube.ide.mcu.externaltools.gnu-tools-for-stm32.12.3.rel1.win32_1.0.100.202403111256/tools/bin/../lib/gcc/arm-none-eabi/12.3.1/../../../../arm-none-eabi/lib/thumb/v7e-m+fp/hard\libc_nano.a(libc_a-strtok_r.o)
                0x08008b10                __strtok_r
 .text._close_r
                0x08008b60       0x20 C:/ST/STM32CubeIDE_1.15.0/STM32CubeIDE/plugins/com.st.stm32cube.ide.mcu.externaltools.gnu-tools-for-stm32.12.3.rel1.win32_1.0.100.202403111256/tools/bin/../lib/gcc/arm-none-eabi/12.3.1/../../../../arm-none-eabi/lib/thumb/v7e-m+fp/hard\libc_nano.a(libc_a-closer.o)
                0x08008b60                _close_r
 .text._reclaim_reent
                0x08008b80       0xac C:/ST/STM32CubeIDE_1.15.0/STM32CubeIDE/plugins/com.st.stm32cube.ide.mcu.externaltools.gnu-tools-for-stm32.12.3.rel1.win32_1.0.100.202403111256/tools/bin/../lib/gcc/arm-none-eabi/12.3.1/../../../../arm-none-eabi/lib/thumb/v7e-m+fp/hard\libc_nano.a(libc_a-reent.o)
                0x08008b80                _reclaim_reent
 .text._lseek_r
                0x08008c2c       0x24 C:/ST/STM32CubeIDE_1.15.0/STM32CubeIDE/plugins/com.st.stm32cube.ide.mcu.externaltools.gnu-tools-for-stm32.12.3.rel1.win32_1.0.100.202403111256/tools/bin/../lib/gcc/arm-none-eabi/12.3.1/../../../../arm-none-eabi/lib/thumb/v7e-m+fp/hard\libc_nano.a(libc_a-lseekr.o)
                0x08008c2c                _lseek_r
 .text._read_r  0x08008c50       0x24 C:/ST/STM32CubeIDE_1.15.0/STM32CubeIDE/plugins/com.st.stm32cube.ide.mcu.externaltools.gnu-tools-for-stm32.12.3.rel1.win32_1.0.100.202403111256/tools/bin/../lib/gcc/arm-none-eabi/12.3.1/../../../../arm-none-eabi/lib/thumb/v7e-m+fp/hard\libc_nano.a(libc_a-readr.o)
                0x08008c50                _read_r
 .text._write_r
                0x08008c74       0x24 C:/ST/STM32CubeIDE_1.15.0/STM32CubeIDE/plugins/com.st.stm32cube.ide.mcu.externaltools.gnu-tools-for-stm32.12.3.rel1.win32_1.0.100.202403111256/tools/bin/../lib/gcc/arm-none-eabi/12.3.1/../../../../arm-none-eabi/lib/thumb/v7e-m+fp/hard\libc_nano.a(libc_a-writer.o)
                0x08008c74                _write_r
 .text.__errno  0x08008c98        0xc C:/ST/STM32CubeIDE_1.15.0/STM32CubeIDE/plugins/com.st.stm32cube.ide.mcu.externaltools.gnu-tools-for-stm32.12.3.rel1.win32_1.0.100.202403111256/tools/bin/../lib/gcc/arm-none-eabi/12.3.1/../../../../arm-none-eabi/lib/thumb/v7e-m+fp/hard\libc_nano.a(libc_a-errno.o)
                0x08008c98                __errno
 .text.__libc_init_array
                0x08008ca4       0x48 C:/ST/STM32CubeIDE_1.15.0/STM32CubeIDE/plugins/com.st.stm32cube.ide.mcu.externaltools.gnu-tools-for-stm32.12.3.rel1.win32_1.0.100.202403111256/tools/bin/../lib/gcc/arm-none-eabi/12.3.1/../../../../arm-none-eabi/lib/thumb/v7e-m+fp/hard\libc_nano.a(libc_a-init.o)
                0x08008ca4                __libc_init_array
 .text.__retarget_lock_init_recursive
                0x08008cec        0x2 C:/ST/STM32CubeIDE_1.15.0/STM32CubeIDE/plugins/com.st.stm32cube.ide.mcu.externaltools.gnu-tools-for-stm32.12.3.rel1.win32_1.0.100.202403111256/tools/bin/../lib/gcc/arm-none-eabi/12.3.1/../../../../arm-none-eabi/lib/thumb/v7e-m+fp/hard\libc_nano.a(libc_a-lock.o)
                0x08008cec                __retarget_lock_init_recursive
 .text.__retarget_lock_acquire_recursive
                0x08008cee        0x2 C:/ST/STM32CubeIDE_1.15.0/STM32CubeIDE/plugins/com.st.stm32cube.ide.mcu.externaltools.gnu-tools-for-stm32.12.3.rel1.win32_1.0.100.202403111256/tools/bin/../lib/gcc/arm-none-eabi/12.3.1/../../../../arm-none-eabi/lib/thumb/v7e-m+fp/hard\libc_nano.a(libc_a-lock.o)
                0x08008cee                __retarget_lock_acquire_recursive
 .text.__retarget_lock_release_recursive
                0x08008cf0        0x2 C:/ST/STM32CubeIDE_1.15.0/STM32CubeIDE/plugins/com.st.stm32cube.ide.mcu.externaltools.gnu-tools-for-stm32.12.3.rel1.win32_1.0.100.202403111256/tools/bin/../lib/gcc/arm-none-eabi/12.3.1/../../../../arm-none-eabi/lib/thumb/v7e-m+fp/hard\libc_nano.a(libc_a-lock.o)
                0x08008cf0                __retarget_lock_release_recursive
 .text.memcpy   0x08008cf2       0x1c C:/ST/STM32CubeIDE_1.15.0/STM32CubeIDE/plugins/com.st.stm32cube.ide.mcu.externaltools.gnu-tools-for-stm32.12.3.rel1.win32_1.0.100.202403111256/tools/bin/../lib/gcc/arm-none-eabi/12.3.1/../../../../arm-none-eabi/lib/thumb/v7e-m+fp/hard\libc_nano.a(libc_a-memcpy-stub.o)
                0x08008cf2                memcpy
 *fill*         0x08008d0e        0x2 
 .text.__assert_func
                0x08008d10       0x3c C:/ST/STM32CubeIDE_1.15.0/STM32CubeIDE/plugins/com.st.stm32cube.ide.mcu.externaltools.gnu-tools-for-stm32.12.3.rel1.win32_1.0.100.202403111256/tools/bin/../lib/gcc/arm-none-eabi/12.3.1/../../../../arm-none-eabi/lib/thumb/v7e-m+fp/hard\libc_nano.a(libc_a-assert.o)
                0x08008d10                __assert_func
 .text._free_r  0x08008d4c       0x94 C:/ST/STM32CubeIDE_1.15.0/STM32CubeIDE/plugins/com.st.stm32cube.ide.mcu.externaltools.gnu-tools-for-stm32.12.3.rel1.win32_1.0.100.202403111256/tools/bin/../lib/gcc/arm-none-eabi/12.3.1/../../../../arm-none-eabi/lib/thumb/v7e-m+fp/hard\libc_nano.a(libc_a-freer.o)
                0x08008d4c                _free_r
 .text.malloc   0x08008de0       0x10 C:/ST/STM32CubeIDE_1.15.0/STM32CubeIDE/plugins/com.st.stm32cube.ide.mcu.externaltools.gnu-tools-for-stm32.12.3.rel1.win32_1.0.100.202403111256/tools/bin/../lib/gcc/arm-none-eabi/12.3.1/../../../../arm-none-eabi/lib/thumb/v7e-m+fp/hard\libc_nano.a(libc_a-malloc.o)
                0x08008de0                malloc
 .text.sbrk_aligned
                0x08008df0       0x44 C:/ST/STM32CubeIDE_1.15.0/STM32CubeIDE/plugins/com.st.stm32cube.ide.mcu.externaltools.gnu-tools-for-stm32.12.3.rel1.win32_1.0.100.202403111256/tools/bin/../lib/gcc/arm-none-eabi/12.3.1/../../../../arm-none-eabi/lib/thumb/v7e-m+fp/hard\libc_nano.a(libc_a-mallocr.o)
 .text._malloc_r
                0x08008e34      0x100 C:/ST/STM32CubeIDE_1.15.0/STM32CubeIDE/plugins/com.st.stm32cube.ide.mcu.externaltools.gnu-tools-for-stm32.12.3.rel1.win32_1.0.100.202403111256/tools/bin/../lib/gcc/arm-none-eabi/12.3.1/../../../../arm-none-eabi/lib/thumb/v7e-m+fp/hard\libc_nano.a(libc_a-mallocr.o)
                0x08008e34                _malloc_r
 .text.__malloc_lock
                0x08008f34        0xc C:/ST/STM32CubeIDE_1.15.0/STM32CubeIDE/plugins/com.st.stm32cube.ide.mcu.externaltools.gnu-tools-for-stm32.12.3.rel1.win32_1.0.100.202403111256/tools/bin/../lib/gcc/arm-none-eabi/12.3.1/../../../../arm-none-eabi/lib/thumb/v7e-m+fp/hard\libc_nano.a(libc_a-mlock.o)
                0x08008f34                __malloc_lock
 .text.__malloc_unlock
                0x08008f40        0xc C:/ST/STM32CubeIDE_1.15.0/STM32CubeIDE/plugins/com.st.stm32cube.ide.mcu.externaltools.gnu-tools-for-stm32.12.3.rel1.win32_1.0.100.202403111256/tools/bin/../lib/gcc/arm-none-eabi/12.3.1/../../../../arm-none-eabi/lib/thumb/v7e-m+fp/hard\libc_nano.a(libc_a-mlock.o)
                0x08008f40                __malloc_unlock
 .text.__sfputc_r
                0x08008f4c       0x2e C:/ST/STM32CubeIDE_1.15.0/STM32CubeIDE/plugins/com.st.stm32cube.ide.mcu.externaltools.gnu-tools-for-stm32.12.3.rel1.win32_1.0.100.202403111256/tools/bin/../lib/gcc/arm-none-eabi/12.3.1/../../../../arm-none-eabi/lib/thumb/v7e-m+fp/hard\libc_nano.a(libc_a-nano-vfprintf.o)
 .text.__sfputs_r
                0x08008f7a       0x24 C:/ST/STM32CubeIDE_1.15.0/STM32CubeIDE/plugins/com.st.stm32cube.ide.mcu.externaltools.gnu-tools-for-stm32.12.3.rel1.win32_1.0.100.202403111256/tools/bin/../lib/gcc/arm-none-eabi/12.3.1/../../../../arm-none-eabi/lib/thumb/v7e-m+fp/hard\libc_nano.a(libc_a-nano-vfprintf.o)
                0x08008f7a                __sfputs_r
 *fill*         0x08008f9e        0x2 
 .text._vfprintf_r
                0x08008fa0      0x230 C:/ST/STM32CubeIDE_1.15.0/STM32CubeIDE/plugins/com.st.stm32cube.ide.mcu.externaltools.gnu-tools-for-stm32.12.3.rel1.win32_1.0.100.202403111256/tools/bin/../lib/gcc/arm-none-eabi/12.3.1/../../../../arm-none-eabi/lib/thumb/v7e-m+fp/hard\libc_nano.a(libc_a-nano-vfprintf.o)
                0x08008fa0                _vfprintf_r
                0x08008fa0                _vfiprintf_r
 .text._printf_common
                0x080091d0       0xda C:/ST/STM32CubeIDE_1.15.0/STM32CubeIDE/plugins/com.st.stm32cube.ide.mcu.externaltools.gnu-tools-for-stm32.12.3.rel1.win32_1.0.100.202403111256/tools/bin/../lib/gcc/arm-none-eabi/12.3.1/../../../../arm-none-eabi/lib/thumb/v7e-m+fp/hard\libc_nano.a(libc_a-nano-vfprintf_i.o)
                0x080091d0                _printf_common
 *fill*         0x080092aa        0x2 
 .text._printf_i
                0x080092ac      0x240 C:/ST/STM32CubeIDE_1.15.0/STM32CubeIDE/plugins/com.st.stm32cube.ide.mcu.externaltools.gnu-tools-for-stm32.12.3.rel1.win32_1.0.100.202403111256/tools/bin/../lib/gcc/arm-none-eabi/12.3.1/../../../../arm-none-eabi/lib/thumb/v7e-m+fp/hard\libc_nano.a(libc_a-nano-vfprintf_i.o)
                0x080092ac                _printf_i
 .text.__sflush_r
                0x080094ec      0x108 C:/ST/STM32CubeIDE_1.15.0/STM32CubeIDE/plugins/com.st.stm32cube.ide.mcu.externaltools.gnu-tools-for-stm32.12.3.rel1.win32_1.0.100.202403111256/tools/bin/../lib/gcc/arm-none-eabi/12.3.1/../../../../arm-none-eabi/lib/thumb/v7e-m+fp/hard\libc_nano.a(libc_a-fflush.o)
                0x080094ec                __sflush_r
 .text._fflush_r
                0x080095f4       0x50 C:/ST/STM32CubeIDE_1.15.0/STM32CubeIDE/plugins/com.st.stm32cube.ide.mcu.externaltools.gnu-tools-for-stm32.12.3.rel1.win32_1.0.100.202403111256/tools/bin/../lib/gcc/arm-none-eabi/12.3.1/../../../../arm-none-eabi/lib/thumb/v7e-m+fp/hard\libc_nano.a(libc_a-fflush.o)
                0x080095f4                _fflush_r
 .text.fprintf  0x08009644       0x24 C:/ST/STM32CubeIDE_1.15.0/STM32CubeIDE/plugins/com.st.stm32cube.ide.mcu.externaltools.gnu-tools-for-stm32.12.3.rel1.win32_1.0.100.202403111256/tools/bin/../lib/gcc/arm-none-eabi/12.3.1/../../../../arm-none-eabi/lib/thumb/v7e-m+fp/hard\libc_nano.a(libc_a-fprintf.o)
                0x08009644                fiprintf
                0x08009644                fprintf
 .text.__swhatbuf_r
                0x08009668       0x4c C:/ST/STM32CubeIDE_1.15.0/STM32CubeIDE/plugins/com.st.stm32cube.ide.mcu.externaltools.gnu-tools-for-stm32.12.3.rel1.win32_1.0.100.202403111256/tools/bin/../lib/gcc/arm-none-eabi/12.3.1/../../../../arm-none-eabi/lib/thumb/v7e-m+fp/hard\libc_nano.a(libc_a-makebuf.o)
                0x08009668                __swhatbuf_r
 .text.__smakebuf_r
                0x080096b4       0x78 C:/ST/STM32CubeIDE_1.15.0/STM32CubeIDE/plugins/com.st.stm32cube.ide.mcu.externaltools.gnu-tools-for-stm32.12.3.rel1.win32_1.0.100.202403111256/tools/bin/../lib/gcc/arm-none-eabi/12.3.1/../../../../arm-none-eabi/lib/thumb/v7e-m+fp/hard\libc_nano.a(libc_a-makebuf.o)
                0x080096b4                __smakebuf_r
 .text._putc_r  0x0800972c       0x68 C:/ST/STM32CubeIDE_1.15.0/STM32CubeIDE/plugins/com.st.stm32cube.ide.mcu.externaltools.gnu-tools-for-stm32.12.3.rel1.win32_1.0.100.202403111256/tools/bin/../lib/gcc/arm-none-eabi/12.3.1/../../../../arm-none-eabi/lib/thumb/v7e-m+fp/hard\libc_nano.a(libc_a-putc.o)
                0x0800972c                _putc_r
 .text._fstat_r
                0x08009794       0x24 C:/ST/STM32CubeIDE_1.15.0/STM32CubeIDE/plugins/com.st.stm32cube.ide.mcu.externaltools.gnu-tools-for-stm32.12.3.rel1.win32_1.0.100.202403111256/tools/bin/../lib/gcc/arm-none-eabi/12.3.1/../../../../arm-none-eabi/lib/thumb/v7e-m+fp/hard\libc_nano.a(libc_a-fstatr.o)
                0x08009794                _fstat_r
 .text._isatty_r
                0x080097b8       0x20 C:/ST/STM32CubeIDE_1.15.0/STM32CubeIDE/plugins/com.st.stm32cube.ide.mcu.externaltools.gnu-tools-for-stm32.12.3.rel1.win32_1.0.100.202403111256/tools/bin/../lib/gcc/arm-none-eabi/12.3.1/../../../../arm-none-eabi/lib/thumb/v7e-m+fp/hard\libc_nano.a(libc_a-isattyr.o)
                0x080097b8                _isatty_r
 .text._sbrk_r  0x080097d8       0x20 C:/ST/STM32CubeIDE_1.15.0/STM32CubeIDE/plugins/com.st.stm32cube.ide.mcu.externaltools.gnu-tools-for-stm32.12.3.rel1.win32_1.0.100.202403111256/tools/bin/../lib/gcc/arm-none-eabi/12.3.1/../../../../arm-none-eabi/lib/thumb/v7e-m+fp/hard\libc_nano.a(libc_a-sbrkr.o)
                0x080097d8                _sbrk_r
 .text.abort    0x080097f8        0xe C:/ST/STM32CubeIDE_1.15.0/STM32CubeIDE/plugins/com.st.stm32cube.ide.mcu.externaltools.gnu-tools-for-stm32.12.3.rel1.win32_1.0.100.202403111256/tools/bin/../lib/gcc/arm-none-eabi/12.3.1/../../../../arm-none-eabi/lib/thumb/v7e-m+fp/hard\libc_nano.a(libc_a-abort.o)
                0x080097f8                abort
 .text._raise_r
                0x08009806       0x50 C:/ST/STM32CubeIDE_1.15.0/STM32CubeIDE/plugins/com.st.stm32cube.ide.mcu.externaltools.gnu-tools-for-stm32.12.3.rel1.win32_1.0.100.202403111256/tools/bin/../lib/gcc/arm-none-eabi/12.3.1/../../../../arm-none-eabi/lib/thumb/v7e-m+fp/hard\libc_nano.a(libc_a-signal.o)
                0x08009806                _raise_r
 *fill*         0x08009856        0x2 
 .text.raise    0x08009858       0x10 C:/ST/STM32CubeIDE_1.15.0/STM32CubeIDE/plugins/com.st.stm32cube.ide.mcu.externaltools.gnu-tools-for-stm32.12.3.rel1.win32_1.0.100.202403111256/tools/bin/../lib/gcc/arm-none-eabi/12.3.1/../../../../arm-none-eabi/lib/thumb/v7e-m+fp/hard\libc_nano.a(libc_a-signal.o)
                0x08009858                raise
 .text._kill_r  0x08009868       0x24 C:/ST/STM32CubeIDE_1.15.0/STM32CubeIDE/plugins/com.st.stm32cube.ide.mcu.externaltools.gnu-tools-for-stm32.12.3.rel1.win32_1.0.100.202403111256/tools/bin/../lib/gcc/arm-none-eabi/12.3.1/../../../../arm-none-eabi/lib/thumb/v7e-m+fp/hard\libc_nano.a(libc_a-signalr.o)
                0x08009868                _kill_r
 .text._getpid_r
                0x0800988c        0x4 C:/ST/STM32CubeIDE_1.15.0/STM32CubeIDE/plugins/com.st.stm32cube.ide.mcu.externaltools.gnu-tools-for-stm32.12.3.rel1.win32_1.0.100.202403111256/tools/bin/../lib/gcc/arm-none-eabi/12.3.1/../../../../arm-none-eabi/lib/thumb/v7e-m+fp/hard\libc_nano.a(libc_a-signalr.o)
                0x0800988c                _getpid_r
 *(.glue_7)
 .glue_7        0x08009890        0x0 linker stubs
 *(.glue_7t)
 .glue_7t       0x08009890        0x0 linker stubs
 *(.eh_frame)
 .eh_frame      0x08009890        0x0 C:/ST/STM32CubeIDE_1.15.0/STM32CubeIDE/plugins/com.st.stm32cube.ide.mcu.externaltools.gnu-tools-for-stm32.12.3.rel1.win32_1.0.100.202403111256/tools/bin/../lib/gcc/arm-none-eabi/12.3.1/thumb/v7e-m+fp/hard/crtbegin.o
 *(.init)
 .init          0x08009890        0x4 C:/ST/STM32CubeIDE_1.15.0/STM32CubeIDE/plugins/com.st.stm32cube.ide.mcu.externaltools.gnu-tools-for-stm32.12.3.rel1.win32_1.0.100.202403111256/tools/bin/../lib/gcc/arm-none-eabi/12.3.1/thumb/v7e-m+fp/hard/crti.o
                0x08009890                _init
 .init          0x08009894        0x8 C:/ST/STM32CubeIDE_1.15.0/STM32CubeIDE/plugins/com.st.stm32cube.ide.mcu.externaltools.gnu-tools-for-stm32.12.3.rel1.win32_1.0.100.202403111256/tools/bin/../lib/gcc/arm-none-eabi/12.3.1/thumb/v7e-m+fp/hard/crtn.o
 *(.fini)
 .fini          0x0800989c        0x4 C:/ST/STM32CubeIDE_1.15.0/STM32CubeIDE/plugins/com.st.stm32cube.ide.mcu.externaltools.gnu-tools-for-stm32.12.3.rel1.win32_1.0.100.202403111256/tools/bin/../lib/gcc/arm-none-eabi/12.3.1/thumb/v7e-m+fp/hard/crti.o
                0x0800989c                _fini
 .fini          0x080098a0        0x8 C:/ST/STM32CubeIDE_1.15.0/STM32CubeIDE/plugins/com.st.stm32cube.ide.mcu.externaltools.gnu-tools-for-stm32.12.3.rel1.win32_1.0.100.202403111256/tools/bin/../lib/gcc/arm-none-eabi/12.3.1/thumb/v7e-m+fp/hard/crtn.o
                0x080098a8                        . = ALIGN (0x4)
                0x080098a8                        _etext = .

.vfp11_veneer   0x080098a8        0x0
 .vfp11_veneer  0x080098a8        0x0 linker stubs

.v4_bx          0x080098a8        0x0
 .v4_bx         0x080098a8        0x0 linker stubs

.iplt           0x080098a8        0x0
 .iplt          0x080098a8        0x0 C:/ST/STM32CubeIDE_1.15.0/STM32CubeIDE/plugins/com.st.stm32cube.ide.mcu.externaltools.gnu-tools-for-stm32.12.3.rel1.win32_1.0.100.202403111256/tools/bin/../lib/gcc/arm-none-eabi/12.3.1/thumb/v7e-m+fp/hard/crtbegin.o

.rodata         0x080098a8      0x664
                0x080098a8                        . = ALIGN (0x4)
 *(.rodata)
 .rodata        0x080098a8       0x11 ./Core/Src/app.o
 *fill*         0x080098b9        0x3 
 .rodata        0x080098bc       0x18 ./Core/Src/button.o
 .rodata        0x080098d4      0x22d ./Core/Src/cli.o
 *fill*         0x08009b01        0x3 
 .rodata        0x08009b04        0xc ./Core/Src/main.o
 .rodata        0x08009b10       0xeb ./Core/Src/polling.o
 *fill*         0x08009bfb        0x1 
 .rodata        0x08009bfc        0x5 ./Middlewares/Third_Party/FreeRTOS/Source/tasks.o
 *fill*         0x08009c01        0x3 
 .rodata        0x08009c04        0xd ./Middlewares/Third_Party/FreeRTOS/Source/timers.o
 *(.rodata*)
 *fill*         0x08009c11        0x3 
 .rodata.cli_thread_attr
                0x08009c14       0x24 ./Core/Src/cli.o
 .rodata.gCmdListObjs
                0x08009c38       0x80 ./Core/Src/cli.o
                0x08009c38                gCmdListObjs
 .rodata.defaultTask_attributes
                0x08009cb8       0x24 ./Core/Src/main.o
                0x08009cb8                defaultTask_attributes
 .rodata.polling_thread_attr
                0x08009cdc       0x24 ./Core/Src/polling.o
 .rodata.__func__.0
                0x08009d00        0xf ./Core/Src/polling.o
 *fill*         0x08009d0f        0x1 
 .rodata.AHBPrescTable
                0x08009d10       0x10 ./Core/Src/system_stm32f4xx.o
                0x08009d10                AHBPrescTable
 .rodata.APBPrescTable
                0x08009d20        0x8 ./Core/Src/system_stm32f4xx.o
                0x08009d20                APBPrescTable
 .rodata._ctype_
                0x08009d28      0x101 C:/ST/STM32CubeIDE_1.15.0/STM32CubeIDE/plugins/com.st.stm32cube.ide.mcu.externaltools.gnu-tools-for-stm32.12.3.rel1.win32_1.0.100.202403111256/tools/bin/../lib/gcc/arm-none-eabi/12.3.1/../../../../arm-none-eabi/lib/thumb/v7e-m+fp/hard\libc_nano.a(libc_a-ctype_.o)
                0x08009d28                _ctype_
 .rodata.strtok.str1.1
                0x08009e29       0x71 C:/ST/STM32CubeIDE_1.15.0/STM32CubeIDE/plugins/com.st.stm32cube.ide.mcu.externaltools.gnu-tools-for-stm32.12.3.rel1.win32_1.0.100.202403111256/tools/bin/../lib/gcc/arm-none-eabi/12.3.1/../../../../arm-none-eabi/lib/thumb/v7e-m+fp/hard\libc_nano.a(libc_a-strtok.o)
 .rodata.__assert_func.str1.1
                0x08009e9a       0x3c C:/ST/STM32CubeIDE_1.15.0/STM32CubeIDE/plugins/com.st.stm32cube.ide.mcu.externaltools.gnu-tools-for-stm32.12.3.rel1.win32_1.0.100.202403111256/tools/bin/../lib/gcc/arm-none-eabi/12.3.1/../../../../arm-none-eabi/lib/thumb/v7e-m+fp/hard\libc_nano.a(libc_a-assert.o)
                                 0x3d (size before relaxing)
 .rodata._vfprintf_r.str1.1
                0x08009ed6       0x11 C:/ST/STM32CubeIDE_1.15.0/STM32CubeIDE/plugins/com.st.stm32cube.ide.mcu.externaltools.gnu-tools-for-stm32.12.3.rel1.win32_1.0.100.202403111256/tools/bin/../lib/gcc/arm-none-eabi/12.3.1/../../../../arm-none-eabi/lib/thumb/v7e-m+fp/hard\libc_nano.a(libc_a-nano-vfprintf.o)
 .rodata._printf_i.str1.1
                0x08009ee7       0x22 C:/ST/STM32CubeIDE_1.15.0/STM32CubeIDE/plugins/com.st.stm32cube.ide.mcu.externaltools.gnu-tools-for-stm32.12.3.rel1.win32_1.0.100.202403111256/tools/bin/../lib/gcc/arm-none-eabi/12.3.1/../../../../arm-none-eabi/lib/thumb/v7e-m+fp/hard\libc_nano.a(libc_a-nano-vfprintf_i.o)
                0x08009f0c                        . = ALIGN (0x4)
 *fill*         0x08009f09        0x3 

.ARM.extab      0x08009f0c        0x0
                0x08009f0c                        . = ALIGN (0x4)
 *(.ARM.extab* .gnu.linkonce.armextab.*)
                0x08009f0c                        . = ALIGN (0x4)

.ARM            0x08009f0c        0x8
                0x08009f0c                        . = ALIGN (0x4)
                0x08009f0c                        __exidx_start = .
 *(.ARM.exidx*)
 .ARM.exidx     0x08009f0c        0x8 C:/ST/STM32CubeIDE_1.15.0/STM32CubeIDE/plugins/com.st.stm32cube.ide.mcu.externaltools.gnu-tools-for-stm32.12.3.rel1.win32_1.0.100.202403111256/tools/bin/../lib/gcc/arm-none-eabi/12.3.1/../../../../arm-none-eabi/lib/thumb/v7e-m+fp/hard\libc_nano.a(libc_a-strcmp.o)
 .ARM.exidx     0x08009f14        0x0 C:/ST/STM32CubeIDE_1.15.0/STM32CubeIDE/plugins/com.st.stm32cube.ide.mcu.externaltools.gnu-tools-for-stm32.12.3.rel1.win32_1.0.100.202403111256/tools/bin/../lib/gcc/arm-none-eabi/12.3.1/../../../../arm-none-eabi/lib/thumb/v7e-m+fp/hard\libc_nano.a(libc_a-memchr.o)
                                  0x8 (size before relaxing)
 .ARM.exidx     0x08009f14        0x0 C:/ST/STM32CubeIDE_1.15.0/STM32CubeIDE/plugins/com.st.stm32cube.ide.mcu.externaltools.gnu-tools-for-stm32.12.3.rel1.win32_1.0.100.202403111256/tools/bin/../lib/gcc/arm-none-eabi/12.3.1/thumb/v7e-m+fp/hard\libgcc.a(_udivmoddi4.o)
                                  0x8 (size before relaxing)
                0x08009f14                        __exidx_end = .
                0x08009f14                        . = ALIGN (0x4)

.preinit_array  0x08009f14        0x0
                0x08009f14                        . = ALIGN (0x4)
                0x08009f14                        PROVIDE (__preinit_array_start = .)
 *(.preinit_array*)
                0x08009f14                        PROVIDE (__preinit_array_end = .)
                0x08009f14                        . = ALIGN (0x4)

.init_array     0x08009f14        0x4
                0x08009f14                        . = ALIGN (0x4)
                0x08009f14                        PROVIDE (__init_array_start = .)
 *(SORT_BY_NAME(.init_array.*))
 *(.init_array*)
 .init_array    0x08009f14        0x4 C:/ST/STM32CubeIDE_1.15.0/STM32CubeIDE/plugins/com.st.stm32cube.ide.mcu.externaltools.gnu-tools-for-stm32.12.3.rel1.win32_1.0.100.202403111256/tools/bin/../lib/gcc/arm-none-eabi/12.3.1/thumb/v7e-m+fp/hard/crtbegin.o
                0x08009f18                        PROVIDE (__init_array_end = .)
                0x08009f18                        . = ALIGN (0x4)

.fini_array     0x08009f18        0x4
                0x08009f18                        . = ALIGN (0x4)
                [!provide]                        PROVIDE (__fini_array_start = .)
 *(SORT_BY_NAME(.fini_array.*))
 *(.fini_array*)
 .fini_array    0x08009f18        0x4 C:/ST/STM32CubeIDE_1.15.0/STM32CubeIDE/plugins/com.st.stm32cube.ide.mcu.externaltools.gnu-tools-for-stm32.12.3.rel1.win32_1.0.100.202403111256/tools/bin/../lib/gcc/arm-none-eabi/12.3.1/thumb/v7e-m+fp/hard/crtbegin.o
                [!provide]                        PROVIDE (__fini_array_end = .)
                0x08009f1c                        . = ALIGN (0x4)
                0x08009f1c                        _sidata = LOADADDR (.data)

.rel.dyn        0x08009f1c        0x0
 .rel.iplt      0x08009f1c        0x0 C:/ST/STM32CubeIDE_1.15.0/STM32CubeIDE/plugins/com.st.stm32cube.ide.mcu.externaltools.gnu-tools-for-stm32.12.3.rel1.win32_1.0.100.202403111256/tools/bin/../lib/gcc/arm-none-eabi/12.3.1/thumb/v7e-m+fp/hard/crtbegin.o

.data           0x20000000       0x6c load address 0x08009f1c
                0x20000000                        . = ALIGN (0x4)
                0x20000000                        _sdata = .
 *(.data)
 *(.data*)
 .data.SystemCoreClock
                0x20000000        0x4 ./Core/Src/system_stm32f4xx.o
                0x20000000                SystemCoreClock
 .data.uwTickPrio
                0x20000004        0x4 ./Drivers/STM32F4xx_HAL_Driver/Src/stm32f4xx_hal.o
                0x20000004                uwTickPrio
 .data.uwTickFreq
                0x20000008        0x1 ./Drivers/STM32F4xx_HAL_Driver/Src/stm32f4xx_hal.o
                0x20000008                uwTickFreq
 *fill*         0x20000009        0x3 
 .data.uxCriticalNesting
                0x2000000c        0x4 ./Middlewares/Third_Party/FreeRTOS/Source/portable/GCC/ARM_CM4F/port.o
 .data.__sglue  0x20000010        0xc C:/ST/STM32CubeIDE_1.15.0/STM32CubeIDE/plugins/com.st.stm32cube.ide.mcu.externaltools.gnu-tools-for-stm32.12.3.rel1.win32_1.0.100.202403111256/tools/bin/../lib/gcc/arm-none-eabi/12.3.1/../../../../arm-none-eabi/lib/thumb/v7e-m+fp/hard\libc_nano.a(libc_a-findfp.o)
                0x20000010                __sglue
 .data._impure_ptr
                0x2000001c        0x4 C:/ST/STM32CubeIDE_1.15.0/STM32CubeIDE/plugins/com.st.stm32cube.ide.mcu.externaltools.gnu-tools-for-stm32.12.3.rel1.win32_1.0.100.202403111256/tools/bin/../lib/gcc/arm-none-eabi/12.3.1/../../../../arm-none-eabi/lib/thumb/v7e-m+fp/hard\libc_nano.a(libc_a-impure.o)
                0x2000001c                _impure_ptr
 .data._impure_data
                0x20000020       0x4c C:/ST/STM32CubeIDE_1.15.0/STM32CubeIDE/plugins/com.st.stm32cube.ide.mcu.externaltools.gnu-tools-for-stm32.12.3.rel1.win32_1.0.100.202403111256/tools/bin/../lib/gcc/arm-none-eabi/12.3.1/../../../../arm-none-eabi/lib/thumb/v7e-m+fp/hard\libc_nano.a(libc_a-impure.o)
                0x20000020                _impure_data
 *(.RamFunc)
 *(.RamFunc*)
                0x2000006c                        . = ALIGN (0x4)
                0x2000006c                        _edata = .
                0x08009f88                        _siccmram = LOADADDR (.ccmram)

.igot.plt       0x2000006c        0x0 load address 0x08009f88
 .igot.plt      0x2000006c        0x0 C:/ST/STM32CubeIDE_1.15.0/STM32CubeIDE/plugins/com.st.stm32cube.ide.mcu.externaltools.gnu-tools-for-stm32.12.3.rel1.win32_1.0.100.202403111256/tools/bin/../lib/gcc/arm-none-eabi/12.3.1/thumb/v7e-m+fp/hard/crtbegin.o

.ccmram         0x10000000        0x0 load address 0x08009f88
                0x10000000                        . = ALIGN (0x4)
                0x10000000                        _sccmram = .
 *(.ccmram)
 *(.ccmram*)
                0x10000000                        . = ALIGN (0x4)
                0x10000000                        _eccmram = .
                0x10000000                        . = ALIGN (0x4)

.bss            0x2000006c     0x55e0
                0x2000006c                        _sbss = .
                0x2000006c                        __bss_start__ = _sbss
 *(.bss)
 .bss           0x2000006c       0x1c C:/ST/STM32CubeIDE_1.15.0/STM32CubeIDE/plugins/com.st.stm32cube.ide.mcu.externaltools.gnu-tools-for-stm32.12.3.rel1.win32_1.0.100.202403111256/tools/bin/../lib/gcc/arm-none-eabi/12.3.1/thumb/v7e-m+fp/hard/crtbegin.o
 *(.bss*)
 .bss.gBtnObjs  0x20000088       0x18 ./Core/Src/button.o
 .bss.cli_thread_hnd
                0x200000a0        0x4 ./Core/Src/cli.o
 .bss.cli_evt_id
                0x200000a4        0x4 ./Core/Src/cli.o
 .bss.gBufObj   0x200000a8       0x67 ./Core/Src/cli.o
 *fill*         0x2000010f        0x1 
 .bss.gIOExtiObjs
                0x20000110       0xc0 ./Core/Src/gpio.o
 .bss.TxConfig  0x200001d0       0x38 ./Core/Src/main.o
                0x200001d0                TxConfig
 .bss.DMARxDscrTab
                0x20000208       0xa0 ./Core/Src/main.o
                0x20000208                DMARxDscrTab
 .bss.DMATxDscrTab
                0x200002a8       0xa0 ./Core/Src/main.o
                0x200002a8                DMATxDscrTab
 .bss.heth      0x20000348       0xb0 ./Core/Src/main.o
                0x20000348                heth
 .bss.htim3     0x200003f8       0x48 ./Core/Src/main.o
                0x200003f8                htim3
 .bss.huart2    0x20000440       0x48 ./Core/Src/main.o
                0x20000440                huart2
 .bss.huart3    0x20000488       0x48 ./Core/Src/main.o
                0x20000488                huart3
 .bss.hpcd_USB_OTG_FS
                0x200004d0      0x4e4 ./Core/Src/main.o
                0x200004d0                hpcd_USB_OTG_FS
 .bss.defaultTaskHandle
                0x200009b4        0x4 ./Core/Src/main.o
                0x200009b4                defaultTaskHandle
 .bss.MACAddr.0
                0x200009b8        0x6 ./Core/Src/main.o
 *fill*         0x200009be        0x2 
 .bss.polling_thread_hnd
                0x200009c0        0x4 ./Core/Src/polling.o
 .bss.polling_evt_id
                0x200009c4        0x4 ./Core/Src/polling.o
 .bss.__sbrk_heap_end
                0x200009c8        0x4 ./Core/Src/sysmem.o
 .bss.rxdata    0x200009cc        0x3 ./Core/Src/uart.o
 *fill*         0x200009cf        0x1 
 .bss.gBufObjs  0x200009d0      0x135 ./Core/Src/uart.o
 *fill*         0x20000b05        0x3 
 .bss.uart_cbf  0x20000b08        0xc ./Core/Src/uart.o
 .bss.uwTick    0x20000b14        0x4 ./Drivers/STM32F4xx_HAL_Driver/Src/stm32f4xx_hal.o
                0x20000b14                uwTick
 .bss.KernelState
                0x20000b18        0x4 ./Middlewares/Third_Party/FreeRTOS/Source/CMSIS_RTOS_V2/cmsis_os2.o
 .bss.Idle_TCB.3
                0x20000b1c       0xa8 ./Middlewares/Third_Party/FreeRTOS/Source/CMSIS_RTOS_V2/cmsis_os2.o
 .bss.Idle_Stack.2
                0x20000bc4      0x200 ./Middlewares/Third_Party/FreeRTOS/Source/CMSIS_RTOS_V2/cmsis_os2.o
 .bss.Timer_TCB.1
                0x20000dc4       0xa8 ./Middlewares/Third_Party/FreeRTOS/Source/CMSIS_RTOS_V2/cmsis_os2.o
 .bss.Timer_Stack.0
                0x20000e6c      0x400 ./Middlewares/Third_Party/FreeRTOS/Source/CMSIS_RTOS_V2/cmsis_os2.o
 .bss.xQueueRegistry
                0x2000126c       0x40 ./Middlewares/Third_Party/FreeRTOS/Source/queue.o
                0x2000126c                xQueueRegistry
 .bss.pxCurrentTCB
                0x200012ac        0x4 ./Middlewares/Third_Party/FreeRTOS/Source/tasks.o
                0x200012ac                pxCurrentTCB
 .bss.pxReadyTasksLists
                0x200012b0      0x460 ./Middlewares/Third_Party/FreeRTOS/Source/tasks.o
 .bss.xDelayedTaskList1
                0x20001710       0x14 ./Middlewares/Third_Party/FreeRTOS/Source/tasks.o
 .bss.xDelayedTaskList2
                0x20001724       0x14 ./Middlewares/Third_Party/FreeRTOS/Source/tasks.o
 .bss.pxDelayedTaskList
                0x20001738        0x4 ./Middlewares/Third_Party/FreeRTOS/Source/tasks.o
 .bss.pxOverflowDelayedTaskList
                0x2000173c        0x4 ./Middlewares/Third_Party/FreeRTOS/Source/tasks.o
 .bss.xPendingReadyList
                0x20001740       0x14 ./Middlewares/Third_Party/FreeRTOS/Source/tasks.o
 .bss.xTasksWaitingTermination
                0x20001754       0x14 ./Middlewares/Third_Party/FreeRTOS/Source/tasks.o
 .bss.uxDeletedTasksWaitingCleanUp
                0x20001768        0x4 ./Middlewares/Third_Party/FreeRTOS/Source/tasks.o
 .bss.xSuspendedTaskList
                0x2000176c       0x14 ./Middlewares/Third_Party/FreeRTOS/Source/tasks.o
 .bss.uxCurrentNumberOfTasks
                0x20001780        0x4 ./Middlewares/Third_Party/FreeRTOS/Source/tasks.o
 .bss.xTickCount
                0x20001784        0x4 ./Middlewares/Third_Party/FreeRTOS/Source/tasks.o
 .bss.uxTopReadyPriority
                0x20001788        0x4 ./Middlewares/Third_Party/FreeRTOS/Source/tasks.o
 .bss.xSchedulerRunning
                0x2000178c        0x4 ./Middlewares/Third_Party/FreeRTOS/Source/tasks.o
 .bss.xPendedTicks
                0x20001790        0x4 ./Middlewares/Third_Party/FreeRTOS/Source/tasks.o
 .bss.xYieldPending
                0x20001794        0x4 ./Middlewares/Third_Party/FreeRTOS/Source/tasks.o
 .bss.xNumOfOverflows
                0x20001798        0x4 ./Middlewares/Third_Party/FreeRTOS/Source/tasks.o
 .bss.uxTaskNumber
                0x2000179c        0x4 ./Middlewares/Third_Party/FreeRTOS/Source/tasks.o
 .bss.xNextTaskUnblockTime
                0x200017a0        0x4 ./Middlewares/Third_Party/FreeRTOS/Source/tasks.o
 .bss.xIdleTaskHandle
                0x200017a4        0x4 ./Middlewares/Third_Party/FreeRTOS/Source/tasks.o
 .bss.uxSchedulerSuspended
                0x200017a8        0x4 ./Middlewares/Third_Party/FreeRTOS/Source/tasks.o
 .bss.xActiveTimerList1
                0x200017ac       0x14 ./Middlewares/Third_Party/FreeRTOS/Source/timers.o
 .bss.xActiveTimerList2
                0x200017c0       0x14 ./Middlewares/Third_Party/FreeRTOS/Source/timers.o
 .bss.pxCurrentTimerList
                0x200017d4        0x4 ./Middlewares/Third_Party/FreeRTOS/Source/timers.o
 .bss.pxOverflowTimerList
                0x200017d8        0x4 ./Middlewares/Third_Party/FreeRTOS/Source/timers.o
 .bss.xTimerQueue
                0x200017dc        0x4 ./Middlewares/Third_Party/FreeRTOS/Source/timers.o
 .bss.xTimerTaskHandle
                0x200017e0        0x4 ./Middlewares/Third_Party/FreeRTOS/Source/timers.o
 .bss.xLastTime.2
                0x200017e4        0x4 ./Middlewares/Third_Party/FreeRTOS/Source/timers.o
 .bss.ucStaticTimerQueueStorage.1
                0x200017e8       0xa0 ./Middlewares/Third_Party/FreeRTOS/Source/timers.o
 .bss.xStaticTimerQueue.0
                0x20001888       0x50 ./Middlewares/Third_Party/FreeRTOS/Source/timers.o
 .bss.ucMaxSysCallPriority
                0x200018d8        0x1 ./Middlewares/Third_Party/FreeRTOS/Source/portable/GCC/ARM_CM4F/port.o
 *fill*         0x200018d9        0x3 
 .bss.ulMaxPRIGROUPValue
                0x200018dc        0x4 ./Middlewares/Third_Party/FreeRTOS/Source/portable/GCC/ARM_CM4F/port.o
 .bss.ucHeap    0x200018e0     0x3c00 ./Middlewares/Third_Party/FreeRTOS/Source/portable/MemMang/heap_4.o
 .bss.xStart    0x200054e0        0x8 ./Middlewares/Third_Party/FreeRTOS/Source/portable/MemMang/heap_4.o
 .bss.pxEnd     0x200054e8        0x4 ./Middlewares/Third_Party/FreeRTOS/Source/portable/MemMang/heap_4.o
 .bss.xFreeBytesRemaining
                0x200054ec        0x4 ./Middlewares/Third_Party/FreeRTOS/Source/portable/MemMang/heap_4.o
 .bss.xMinimumEverFreeBytesRemaining
                0x200054f0        0x4 ./Middlewares/Third_Party/FreeRTOS/Source/portable/MemMang/heap_4.o
 .bss.xNumberOfSuccessfulAllocations
                0x200054f4        0x4 ./Middlewares/Third_Party/FreeRTOS/Source/portable/MemMang/heap_4.o
 .bss.xNumberOfSuccessfulFrees
                0x200054f8        0x4 ./Middlewares/Third_Party/FreeRTOS/Source/portable/MemMang/heap_4.o
 .bss.xBlockAllocatedBit
                0x200054fc        0x4 ./Middlewares/Third_Party/FreeRTOS/Source/portable/MemMang/heap_4.o
 .bss.__sf      0x20005500      0x138 C:/ST/STM32CubeIDE_1.15.0/STM32CubeIDE/plugins/com.st.stm32cube.ide.mcu.externaltools.gnu-tools-for-stm32.12.3.rel1.win32_1.0.100.202403111256/tools/bin/../lib/gcc/arm-none-eabi/12.3.1/../../../../arm-none-eabi/lib/thumb/v7e-m+fp/hard\libc_nano.a(libc_a-findfp.o)
                0x20005500                __sf
 .bss.__stdio_exit_handler
                0x20005638        0x4 C:/ST/STM32CubeIDE_1.15.0/STM32CubeIDE/plugins/com.st.stm32cube.ide.mcu.externaltools.gnu-tools-for-stm32.12.3.rel1.win32_1.0.100.202403111256/tools/bin/../lib/gcc/arm-none-eabi/12.3.1/../../../../arm-none-eabi/lib/thumb/v7e-m+fp/hard\libc_nano.a(libc_a-findfp.o)
                0x20005638                __stdio_exit_handler
 .bss.errno     0x2000563c        0x4 C:/ST/STM32CubeIDE_1.15.0/STM32CubeIDE/plugins/com.st.stm32cube.ide.mcu.externaltools.gnu-tools-for-stm32.12.3.rel1.win32_1.0.100.202403111256/tools/bin/../lib/gcc/arm-none-eabi/12.3.1/../../../../arm-none-eabi/lib/thumb/v7e-m+fp/hard\libc_nano.a(libc_a-reent.o)
                0x2000563c                errno
 .bss.__lock___malloc_recursive_mutex
                0x20005640        0x1 C:/ST/STM32CubeIDE_1.15.0/STM32CubeIDE/plugins/com.st.stm32cube.ide.mcu.externaltools.gnu-tools-for-stm32.12.3.rel1.win32_1.0.100.202403111256/tools/bin/../lib/gcc/arm-none-eabi/12.3.1/../../../../arm-none-eabi/lib/thumb/v7e-m+fp/hard\libc_nano.a(libc_a-lock.o)
                0x20005640                __lock___malloc_recursive_mutex
 .bss.__lock___sfp_recursive_mutex
                0x20005641        0x1 C:/ST/STM32CubeIDE_1.15.0/STM32CubeIDE/plugins/com.st.stm32cube.ide.mcu.externaltools.gnu-tools-for-stm32.12.3.rel1.win32_1.0.100.202403111256/tools/bin/../lib/gcc/arm-none-eabi/12.3.1/../../../../arm-none-eabi/lib/thumb/v7e-m+fp/hard\libc_nano.a(libc_a-lock.o)
                0x20005641                __lock___sfp_recursive_mutex
 *fill*         0x20005642        0x2 
 .bss.__malloc_sbrk_start
                0x20005644        0x4 C:/ST/STM32CubeIDE_1.15.0/STM32CubeIDE/plugins/com.st.stm32cube.ide.mcu.externaltools.gnu-tools-for-stm32.12.3.rel1.win32_1.0.100.202403111256/tools/bin/../lib/gcc/arm-none-eabi/12.3.1/../../../../arm-none-eabi/lib/thumb/v7e-m+fp/hard\libc_nano.a(libc_a-mallocr.o)
                0x20005644                __malloc_sbrk_start
 .bss.__malloc_free_list
                0x20005648        0x4 C:/ST/STM32CubeIDE_1.15.0/STM32CubeIDE/plugins/com.st.stm32cube.ide.mcu.externaltools.gnu-tools-for-stm32.12.3.rel1.win32_1.0.100.202403111256/tools/bin/../lib/gcc/arm-none-eabi/12.3.1/../../../../arm-none-eabi/lib/thumb/v7e-m+fp/hard\libc_nano.a(libc_a-mallocr.o)
                0x20005648                __malloc_free_list
 *(COMMON)
                0x2000564c                        . = ALIGN (0x4)
                0x2000564c                        _ebss = .
                0x2000564c                        __bss_end__ = _ebss

._user_heap_stack
                0x2000564c      0x604
                0x20005650                        . = ALIGN (0x8)
 *fill*         0x2000564c        0x4 
                [!provide]                        PROVIDE (end = .)
                0x20005650                        PROVIDE (_end = .)
                0x20005850                        . = (. + _Min_Heap_Size)
 *fill*         0x20005650      0x200 
                0x20005c50                        . = (. + _Min_Stack_Size)
 *fill*         0x20005850      0x400 
                0x20005c50                        . = ALIGN (0x8)

/DISCARD/
 libc.a(*)
 libm.a(*)
 libgcc.a(*)

.ARM.attributes
                0x00000000       0x30
 *(.ARM.attributes)
 .ARM.attributes